Component: ARM Compiler 5.06 update 7 (build 960) Tool: armlink [4d3601]

==============================================================================

Section Cross References

    main.o(i.main) refers to system.o(i.systemInit) for systemInit
    main.o(i.main) refers to tasks.o(i.xTaskCreate) for xTaskCreate
    main.o(i.main) refers to tasks.o(i.vTaskStartScheduler) for vTaskStartScheduler
    main.o(i.main) refers to main.o(.data) for StartTask_Handler
    main.o(i.main) refers to main.o(i.start_task) for start_task
    main.o(i.start_task) refers to port.o(i.vPortEnterCritical) for vPortEnterCritical
    main.o(i.start_task) refers to tasks.o(i.xTaskCreate) for xTaskCreate
    main.o(i.start_task) refers to tasks.o(i.vTaskDelete) for vTaskDelete
    main.o(i.start_task) refers to port.o(i.vPortExitCritical) for vPortExitCritical
    main.o(i.start_task) refers to balance.o(i.Balance_task) for Balance_task
    main.o(i.start_task) refers to show.o(i.show_task) for show_task
    main.o(i.start_task) refers to led.o(i.led_task) for led_task
    main.o(i.start_task) refers to pstwo.o(i.pstwo_task) for pstwo_task
    main.o(i.start_task) refers to adc.o(i.adc_task) for adc_task
    main.o(i.start_task) refers to main.o(.data) for StartTask_Handler
    system_stm32f4xx.o(i.SystemCoreClockUpdate) refers to system_stm32f4xx.o(.data) for SystemCoreClock
    system_stm32f4xx.o(i.SystemInit) refers to system_stm32f4xx.o(i.SetSysClock) for SetSysClock
    adc.o(i.Adc_Init) refers to stm32f4xx_rcc.o(i.RCC_AHB1PeriphClockCmd) for RCC_AHB1PeriphClockCmd
    adc.o(i.Adc_Init) refers to stm32f4xx_rcc.o(i.RCC_APB2PeriphClockCmd) for RCC_APB2PeriphClockCmd
    adc.o(i.Adc_Init) refers to stm32f4xx_gpio.o(i.GPIO_Init) for GPIO_Init
    adc.o(i.Adc_Init) refers to stm32f4xx_rcc.o(i.RCC_APB2PeriphResetCmd) for RCC_APB2PeriphResetCmd
    adc.o(i.Adc_Init) refers to stm32f4xx_adc.o(i.ADC_CommonInit) for ADC_CommonInit
    adc.o(i.Adc_Init) refers to stm32f4xx_adc.o(i.ADC_Init) for ADC_Init
    adc.o(i.Adc_Init) refers to stm32f4xx_adc.o(i.ADC_Cmd) for ADC_Cmd
    adc.o(i.Adc_POWER_Init) refers to stm32f4xx_rcc.o(i.RCC_AHB1PeriphClockCmd) for RCC_AHB1PeriphClockCmd
    adc.o(i.Adc_POWER_Init) refers to stm32f4xx_rcc.o(i.RCC_APB2PeriphClockCmd) for RCC_APB2PeriphClockCmd
    adc.o(i.Adc_POWER_Init) refers to stm32f4xx_gpio.o(i.GPIO_Init) for GPIO_Init
    adc.o(i.Adc_POWER_Init) refers to stm32f4xx_rcc.o(i.RCC_APB2PeriphResetCmd) for RCC_APB2PeriphResetCmd
    adc.o(i.Adc_POWER_Init) refers to stm32f4xx_adc.o(i.ADC_CommonInit) for ADC_CommonInit
    adc.o(i.Adc_POWER_Init) refers to stm32f4xx_adc.o(i.ADC_Init) for ADC_Init
    adc.o(i.Adc_POWER_Init) refers to stm32f4xx_adc.o(i.ADC_Cmd) for ADC_Cmd
    adc.o(i.Find_CCD_Median) refers to balance.o(i.myabs) for myabs
    adc.o(i.Find_CCD_Median) refers to adc.o(.bss) for ADV
    adc.o(i.Find_CCD_Median) refers to adc.o(.data) for value1_max
    adc.o(i.Get_Adc) refers to stm32f4xx_adc.o(i.ADC_RegularChannelConfig) for ADC_RegularChannelConfig
    adc.o(i.Get_Adc) refers to stm32f4xx_adc.o(i.ADC_SoftwareStartConv) for ADC_SoftwareStartConv
    adc.o(i.Get_Adc) refers to stm32f4xx_adc.o(i.ADC_GetFlagStatus) for ADC_GetFlagStatus
    adc.o(i.Get_Adc) refers to stm32f4xx_adc.o(i.ADC_GetConversionValue) for ADC_GetConversionValue
    adc.o(i.Get_Adc2) refers to stm32f4xx_adc.o(i.ADC_RegularChannelConfig) for ADC_RegularChannelConfig
    adc.o(i.Get_Adc2) refers to stm32f4xx_adc.o(i.ADC_SoftwareStartConv) for ADC_SoftwareStartConv
    adc.o(i.Get_Adc2) refers to stm32f4xx_adc.o(i.ADC_GetFlagStatus) for ADC_GetFlagStatus
    adc.o(i.Get_Adc2) refers to stm32f4xx_adc.o(i.ADC_GetConversionValue) for ADC_GetConversionValue
    adc.o(i.Get_adc_Average) refers to adc.o(i.Get_Adc) for Get_Adc
    adc.o(i.Get_adc_Average) refers to delay.o(i.delay_ms) for delay_ms
    adc.o(i.Get_battery_volt) refers to adc.o(i.Get_Adc2) for Get_Adc2
    adc.o(i.Get_battery_volt) refers to dfltui.o(.text) for __aeabi_ui2d
    adc.o(i.Get_battery_volt) refers to dmul.o(.text) for __aeabi_dmul
    adc.o(i.Get_battery_volt) refers to ddiv.o(.text) for __aeabi_ddiv
    adc.o(i.Get_battery_volt) refers to d2f.o(.text) for __aeabi_d2f
    adc.o(i.RD_TSL) refers to adc.o(i.Dly_us) for Dly_us
    adc.o(i.RD_TSL) refers to adc.o(i.Get_Adc) for Get_Adc
    adc.o(i.RD_TSL) refers to adc.o(.bss) for ADV
    adc.o(i.adc_task) refers to delay.o(i.getSysTickCnt) for getSysTickCnt
    adc.o(i.adc_task) refers to tasks.o(i.vTaskDelayUntil) for vTaskDelayUntil
    adc.o(i.adc_task) refers to adc.o(i.RD_TSL) for RD_TSL
    adc.o(i.adc_task) refers to adc.o(i.Find_CCD_Median) for Find_CCD_Median
    adc.o(i.adc_task) refers to adc.o(i.Get_Adc) for Get_Adc
    adc.o(i.adc_task) refers to balance.o(.data) for Mode
    adc.o(i.adc_task) refers to adc.o(.data) for Sensor_Left
    adc.o(i.ccd_Init) refers to stm32f4xx_rcc.o(i.RCC_AHB1PeriphClockCmd) for RCC_AHB1PeriphClockCmd
[...]
    USBH_HID_SetProtocol                     0x0800997b   Thumb Code    44  usbh_hid.o(i.USBH_HID_SetProtocol)
    USBH_Init                                0x0800a019   Thumb Code   116  usbh_core.o(i.USBH_Init)
    USBH_InterruptReceiveData                0x0800a09d   Thumb Code    42  usbh_ioreq.o(i.USBH_InterruptReceiveData)
    USBH_LL_ClosePipe                        0x0800a0c7   Thumb Code    38  usbh_conf.o(i.USBH_LL_ClosePipe)
    USBH_LL_Connect                          0x0800a0ed   Thumb Code    46  usbh_core.o(i.USBH_LL_Connect)
    USBH_LL_Disconnect                       0x0800a11b   Thumb Code    68  usbh_core.o(i.USBH_LL_Disconnect)
    USBH_LL_DriverVBUS                       0x0800a15f   Thumb Code    26  usbh_conf.o(i.USBH_LL_DriverVBUS)
    USBH_LL_GetLastXferSize                  0x0800a179   Thumb Code    18  usbh_conf.o(i.USBH_LL_GetLastXferSize)
    USBH_LL_GetSpeed                         0x0800a18b   Thumb Code    48  usbh_conf.o(i.USBH_LL_GetSpeed)
    USBH_LL_GetURBState                      0x0800a1bb   Thumb Code    18  usbh_conf.o(i.USBH_LL_GetURBState)
    USBH_LL_IncTimer                         0x0800a1cd   Thumb Code    22  usbh_core.o(i.USBH_LL_IncTimer)
    USBH_LL_Init                             0x0800a1e5   Thumb Code    82  usbh_conf.o(i.USBH_LL_Init)
    USBH_LL_NotifyURBChange                  0x0800a23d   Thumb Code    30  usbh_core.o(i.USBH_LL_NotifyURBChange)
    USBH_LL_OpenPipe                         0x0800a25b   Thumb Code    64  usbh_conf.o(i.USBH_LL_OpenPipe)
    USBH_LL_PortDisabled                     0x0800a29b   Thumb Code     8  usbh_core.o(i.USBH_LL_PortDisabled)
    USBH_LL_PortEnabled                      0x0800a2a3   Thumb Code    34  usbh_core.o(i.USBH_LL_PortEnabled)
    USBH_LL_ResetPort                        0x0800a2c5   Thumb Code    30  usbh_conf.o(i.USBH_LL_ResetPort)
    USBH_LL_SetTimer                         0x0800a2e3   Thumb Code     6  usbh_core.o(i.USBH_LL_SetTimer)
    USBH_LL_SetToggle                        0x0800a2e9   Thumb Code    62  usbh_conf.o(i.USBH_LL_SetToggle)
    USBH_LL_Start                            0x0800a327   Thumb Code    30  usbh_conf.o(i.USBH_LL_Start)
    USBH_LL_Stop                             0x0800a345   Thumb Code    30  usbh_conf.o(i.USBH_LL_Stop)
    USBH_LL_SubmitURB                        0x0800a363   Thumb Code    64  usbh_conf.o(i.USBH_LL_SubmitURB)
    USBH_OpenPipe                            0x0800a3a3   Thumb Code    42  usbh_pipes.o(i.USBH_OpenPipe)
    USBH_Process                             0x0800a765   Thumb Code   980  usbh_core.o(i.USBH_Process)
    USBH_RegisterClass                       0x0800ab6d   Thumb Code    52  usbh_core.o(i.USBH_RegisterClass)
    USBH_SelectInterface                     0x0800aba1   Thumb Code    40  usbh_core.o(i.USBH_SelectInterface)
    USBH_SetAddress                          0x0800abc9   Thumb Code    40  usbh_ctlreq.o(i.USBH_SetAddress)
    USBH_SetCfg                              0x0800abf1   Thumb Code    40  usbh_ctlreq.o(i.USBH_SetCfg)
    USBH_SetFeature                          0x0800ac19   Thumb Code    40  usbh_ctlreq.o(i.USBH_SetFeature)
    USBH_Start                               0x0800ac41   Thumb Code    22  usbh_core.o(i.USBH_Start)
    USB_CoreInit                             0x0800ac91   Thumb Code   136  stm32f4xx_ll_usb.o(i.USB_CoreInit)
    USB_DisableGlobalInt                     0x0800ad71   Thumb Code    14  stm32f4xx_ll_usb.o(i.USB_DisableGlobalInt)
    USB_DoPing                               0x0800ad81   Thumb Code    64  stm32f4xx_ll_usb.o(i.USB_DoPing)
    USB_DriveVbus                            0x0800adc5   Thumb Code    74  stm32f4xx_ll_usb.o(i.USB_DriveVbus)
    USB_EnableGlobalInt                      0x0800ae0f   Thumb Code    14  stm32f4xx_ll_usb.o(i.USB_EnableGlobalInt)
    USB_FlushRxFifo                          0x0800ae1d   Thumb Code    80  stm32f4xx_ll_usb.o(i.USB_FlushRxFifo)
    USB_FlushTxFifo                          0x0800ae6d   Thumb Code    84  stm32f4xx_ll_usb.o(i.USB_FlushTxFifo)
    USB_GetCurrentFrame                      0x0800aec1   Thumb Code    14  stm32f4xx_ll_usb.o(i.USB_GetCurrentFrame)
    USB_GetHostSpeed                         0x0800aecf   Thumb Code    24  stm32f4xx_ll_usb.o(i.USB_GetHostSpeed)
    USB_GetMode                              0x0800aee7   Thumb Code    10  stm32f4xx_ll_usb.o(i.USB_GetMode)
    USB_HC_Halt                              0x0800aef1   Thumb Code   438  stm32f4xx_ll_usb.o(i.USB_HC_Halt)
    USB_HC_Init                              0x0800b0a9   Thumb Code   464  stm32f4xx_ll_usb.o(i.USB_HC_Init)
    USB_HC_ReadInterrupt                     0x0800b27d   Thumb Code    14  stm32f4xx_ll_usb.o(i.USB_HC_ReadInterrupt)
    USB_HC_StartXfer                         0x0800b28d   Thumb Code   896  stm32f4xx_ll_usb.o(i.USB_HC_StartXfer)
    USB_HostInit                             0x0800b615   Thumb Code   232  stm32f4xx_ll_usb.o(i.USB_HostInit)
    USB_InitFSLSPClkSel                      0x0800b715   Thumb Code    74  stm32f4xx_ll_usb.o(i.USB_InitFSLSPClkSel)
    USB_ReadChInterrupts                     0x0800b75f   Thumb Code    30  stm32f4xx_ll_usb.o(i.USB_ReadChInterrupts)
    USB_ReadInterrupts                       0x0800b77d   Thumb Code    10  stm32f4xx_ll_usb.o(i.USB_ReadInterrupts)
    USB_ReadPacket                           0x0800b787   Thumb Code    96  stm32f4xx_ll_usb.o(i.USB_ReadPacket)
    USB_ResetPort                            0x0800b7e7   Thumb Code    60  stm32f4xx_ll_usb.o(i.USB_ResetPort)
    USB_SetCurrentMode                       0x0800b823   Thumb Code   104  stm32f4xx_ll_usb.o(i.USB_SetCurrentMode)
    USB_StopHost                             0x0800b88b   Thumb Code   198  stm32f4xx_ll_usb.o(i.USB_StopHost)
    USB_WritePacket                          0x0800b951   Thumb Code    68  stm32f4xx_ll_usb.o(i.USB_WritePacket)
    UsageFault_Handler                       0x0800b995   Thumb Code     4  stm32f4xx_it.o(i.UsageFault_Handler)
    V1_0_LED_Init                            0x0800b999   Thumb Code    60  led.o(i.V1_0_LED_Init)
    V1_1_LED_Init                            0x0800b9d9   Thumb Code    60  led.o(i.V1_1_LED_Init)
    __0printf                                0x0800bf39   Thumb Code    22  printfa.o(i.__0printf)
    __1printf                                0x0800bf39   Thumb Code     0  printfa.o(i.__0printf)
    __2printf                                0x0800bf39   Thumb Code     0  printfa.o(i.__0printf)
    __c89printf                              0x0800bf39   Thumb Code     0  printfa.o(i.__0printf)
    printf                                   0x0800bf39   Thumb Code     0  printfa.o(i.__0printf)
    __ARM_fpclassify                         0x0800bf59   Thumb Code    48  fpclassify.o(i.__ARM_fpclassify)
    __hardfp_pow                             0x0800bf89   Thumb Code  3072  pow.o(i.__hardfp_pow)
    __hardfp_sqrt                            0x0800cbd9   Thumb Code   122  sqrt.o(i.__hardfp_sqrt)
    __hardfp_tan                             0x0800cc59   Thumb Code   108  tan.o(i.__hardfp_tan)
    __ieee754_rem_pio2                       0x0800ccd9   Thumb Code   938  rred.o(i.__ieee754_rem_pio2)
    __kernel_poly                            0x0800d111   Thumb Code   248  poly.o(i.__kernel_poly)
    __kernel_tan                             0x0800d209   Thumb Code   764  tan_i.o(i.__kernel_tan)
    __mathlib_dbl_divzero                    0x0800d559   Thumb Code    28  dunder.o(i.__mathlib_dbl_divzero)
    __mathlib_dbl_infnan                     0x0800d589   Thumb Code    20  dunder.o(i.__mathlib_dbl_infnan)
    __mathlib_dbl_infnan2                    0x0800d59d   Thumb Code    20  dunder.o(i.__mathlib_dbl_infnan2)
    __mathlib_dbl_invalid                    0x0800d5b1   Thumb Code    24  dunder.o(i.__mathlib_dbl_invalid)
    __mathlib_dbl_overflow                   0x0800d5d1   Thumb Code    24  dunder.o(i.__mathlib_dbl_overflow)
    __mathlib_dbl_underflow                  0x0800d5f1   Thumb Code    24  dunder.o(i.__mathlib_dbl_underflow)
    __scatterload_copy                       0x0800d611   Thumb Code    14  handlers.o(i.__scatterload_copy)
    __scatterload_null                       0x0800d61f   Thumb Code     2  handlers.o(i.__scatterload_null)
    __scatterload_zeroinit                   0x0800d621   Thumb Code    14  handlers.o(i.__scatterload_zeroinit)
    __set_errno                              0x0800d631   Thumb Code     6  errno.o(i.__set_errno)
    adc_task                                 0x0800dec9   Thumb Code   136  adc.o(i.adc_task)
    ccd_Init                                 0x0800df69   Thumb Code   192  adc.o(i.ccd_Init)
    click_N_Double                           0x0800e035   Thumb Code   184  key.o(i.click_N_Double)
    data_process                             0x0800e105   Thumb Code   364  usartx.o(i.data_process)
    delay_init                               0x0800e295   Thumb Code    58  delay.o(i.delay_init)
    delay_ms                                 0x0800e2d9   Thumb Code    60  delay.o(i.delay_ms)
    delay_us                                 0x0800e319   Thumb Code    68  delay.o(i.delay_us)
    ele_Init                                 0x0800e361   Thumb Code    68  adc.o(i.ele_Init)
    fabs                                     0x0800e3ad   Thumb Code    24  fabs.o(i.fabs)
    float_abs                                0x0800e3c5   Thumb Code    26  balance.o(i.float_abs)
    fputc                                    0x0800e3e1   Thumb Code    24  usart.o(i.fputc)
    free                                     0x0800e3fd   Thumb Code    76  malloc.o(i.free)
    getSysTickCnt                            0x0800e44d   Thumb Code    22  delay.o(i.getSysTickCnt)
    led_task                                 0x0800e469   Thumb Code    54  led.o(i.led_task)
    main                                     0x0800e4b9   Thumb Code    34  main.o(i.main)
    malloc                                   0x0800e4f1   Thumb Code    92  malloc.o(i.malloc)
    myabs                                    0x0800e55d   Thumb Code    14  balance.o(i.myabs)
    oled_pow                                 0x0800e56b   Thumb Code    22  oled.o(i.oled_pow)
    oled_show                                0x0800e581   Thumb Code  5772  show.o(i.oled_show)
    osMessageQueueGet                        0x0800fc15   Thumb Code   128  usbh_os_middleware.o(i.osMessageQueueGet)
    osMessageQueuePut                        0x0800fc99   Thumb Code    90  usbh_os_middleware.o(i.osMessageQueuePut)
    ps2_checkkey                             0x080107f1   Thumb Code   188  bsp_ps2.o(i.ps2_checkkey)
    ps2_checkkeystate                        0x080108b5   Thumb Code    14  bsp_ps2.o(i.ps2_checkkeystate)
    pstwo_task                               0x080108e9   Thumb Code    48  pstwo.o(i.pstwo_task)
    pvPortMalloc                             0x0801091d   Thumb Code   262  heap_4.o(i.pvPortMalloc)
    pvTaskIncrementMutexHeldCount            0x08010a71   Thumb Code    26  tasks.o(i.pvTaskIncrementMutexHeldCount)
    pxPortInitialiseStack                    0x08010a91   Thumb Code    38  port.o(i.pxPortInitialiseStack)
    show_task                                0x08010abd   Thumb Code   360  show.o(i.show_task)
    sqrt                                     0x08010c49   Thumb Code   110  sqrt.o(i.sqrt)
    start_task                               0x08010cb9   Thumb Code   124  main.o(i.start_task)
    systemInit                               0x08010d8d   Thumb Code   232  system.o(i.systemInit)
    target_limit_float                       0x08010e81   Thumb Code    42  balance.o(i.target_limit_float)
    target_limit_int                         0x08010eab   Thumb Code    22  balance.o(i.target_limit_int)
    uart1_init                               0x08010ec1   Thumb Code   168  usartx.o(i.uart1_init)
    uart2_init                               0x08010f71   Thumb Code   166  usartx.o(i.uart2_init)
    uart5_init                               0x08011021   Thumb Code   212  usartx.o(i.uart5_init)
    uxListRemove                             0x08011101   Thumb Code    40  list.o(i.uxListRemove)
    vListInitialise                          0x08011129   Thumb Code    26  list.o(i.vListInitialise)
    vListInitialiseItem                      0x08011143   Thumb Code     6  list.o(i.vListInitialiseItem)
    vListInsert                              0x08011149   Thumb Code    52  list.o(i.vListInsert)
    vListInsertEnd                           0x0801117d   Thumb Code    24  list.o(i.vListInsertEnd)
    vPortEnterCritical                       0x08011195   Thumb Code    68  port.o(i.vPortEnterCritical)
    vPortExitCritical                        0x0801121d   Thumb Code    48  port.o(i.vPortExitCritical)
    vPortFree                                0x0801128d   Thumb Code   120  heap_4.o(i.vPortFree)
    vPortSetupTimerInterrupt                 0x08011345   Thumb Code    26  port.o(i.vPortSetupTimerInterrupt)
    vPortValidateInterruptPriority           0x08011365   Thumb Code    86  port.o(i.vPortValidateInterruptPriority)
    vQueueAddToRegistry                      0x08011405   Thumb Code    38  queue.o(i.vQueueAddToRegistry)
    vQueueWaitForMessageRestricted           0x08011431   Thumb Code    74  queue.o(i.vQueueWaitForMessageRestricted)
    vTaskDelay                               0x0801147d   Thumb Code    72  tasks.o(i.vTaskDelay)
    vTaskDelayUntil                          0x080114f1   Thumb Code   170  tasks.o(i.vTaskDelayUntil)
    vTaskDelete                              0x080115cd   Thumb Code   192  tasks.o(i.vTaskDelete)
    vTaskMissedYield                         0x080116d9   Thumb Code     8  tasks.o(i.vTaskMissedYield)
    vTaskPlaceOnEventList                    0x080116e5   Thumb Code    42  tasks.o(i.vTaskPlaceOnEventList)
    vTaskPlaceOnEventListRestricted          0x08011739   Thumb Code    50  tasks.o(i.vTaskPlaceOnEventListRestricted)
    vTaskPriorityInherit                     0x08011795   Thumb Code   164  tasks.o(i.vTaskPriorityInherit)
    vTaskSetTimeOutState                     0x08011845   Thumb Code    32  tasks.o(i.vTaskSetTimeOutState)
    vTaskStartScheduler                      0x08011891   Thumb Code   108  tasks.o(i.vTaskStartScheduler)
    vTaskSuspendAll                          0x0801193d   Thumb Code    12  tasks.o(i.vTaskSuspendAll)
    vTaskSwitchContext                       0x0801194d   Thumb Code   110  tasks.o(i.vTaskSwitchContext)
    xPortStartScheduler                      0x080119f5   Thumb Code   258  port.o(i.xPortStartScheduler)
    xPortSysTickHandler                      0x08011b51   Thumb Code    46  port.o(i.xPortSysTickHandler)
    xQueueGenericCreate                      0x08011b85   Thumb Code    78  queue.o(i.xQueueGenericCreate)
    xQueueGenericReceive                     0x08011bf9   Thumb Code   416  queue.o(i.xQueueGenericReceive)
    xQueueGenericReset                       0x08011dc1   Thumb Code   136  queue.o(i.xQueueGenericReset)
    xQueueGenericSend                        0x08011e71   Thumb Code   412  queue.o(i.xQueueGenericSend)
    xQueueGenericSendFromISR                 0x08012035   Thumb Code   234  queue.o(i.xQueueGenericSendFromISR)
    xQueueReceiveFromISR                     0x08012145   Thumb Code   182  queue.o(i.xQueueReceiveFromISR)
    xTaskCheckForTimeOut                     0x08012221   Thumb Code   116  tasks.o(i.xTaskCheckForTimeOut)
    xTaskCreate                              0x080122c1   Thumb Code    96  tasks.o(i.xTaskCreate)
    xTaskGetSchedulerState                   0x08012321   Thumb Code    24  tasks.o(i.xTaskGetSchedulerState)
    xTaskGetTickCount                        0x08012341   Thumb Code     6  tasks.o(i.xTaskGetTickCount)
    xTaskIncrementTick                       0x0801234d   Thumb Code   272  tasks.o(i.xTaskIncrementTick)
    xTaskPriorityDisinherit                  0x080124ad   Thumb Code   168  tasks.o(i.xTaskPriorityDisinherit)
    xTaskRemoveFromEventList                 0x08012585   Thumb Code   118  tasks.o(i.xTaskRemoveFromEventList)
    xTaskResumeAll                           0x08012639   Thumb Code   214  tasks.o(i.xTaskResumeAll)
    xTimerCreateTimerTask                    0x08012759   Thumb Code    56  timers.o(i.xTimerCreateTimerTask)
    xTimerGenericCommand                     0x080127cd   Thumb Code   118  timers.o(i.xTimerGenericCommand)
    oled_asc2_1206                           0x08012870   Data        1140  oled.o(.constdata)
    oled_asc2_1608                           0x08012ce4   Data        1520  oled.o(.constdata)
    Hzk16                                    0x080132d4   Data        2624  oled.o(.constdata)
    cfont16                                  0x08013d14   Data        3434  oled.o(.constdata)
    cfont12                                  0x08014a7e   Data         598  oled.o(.constdata)
    gImage_usb_bmp                           0x08014cd4   Data         512  oled.o(.constdata)
    __mathlib_zero                           0x08014f60   Data           8  qnan.o(.constdata)
    Region$$Table$$Base                      0x080150f0   Number         0  anon$$obj.o(Region$$Table)
    Region$$Table$$Limit                     0x08015110   Number         0  anon$$obj.o(Region$$Table)
    StartTask_Handler                        0x20000000   Data           4  main.o(.data)
    SystemCoreClock                          0x20000004   Data           4  system_stm32f4xx.o(.data)
    AHBPrescTable                            0x20000008   Data          16  system_stm32f4xx.o(.data)
    Voltage                                  0x20000018   Data           4  adc.o(.data)
    Voltage_Count                            0x2000001c   Data           4  adc.o(.data)
    Voltage_All                              0x20000020   Data           4  adc.o(.data)
    CCD_Median                               0x20000024   Data           2  adc.o(.data)
    CCD_Threshold                            0x20000026   Data           2  adc.o(.data)
    Sensor_Left                              0x20000028   Data           4  adc.o(.data)
    Sensor_Middle                            0x2000002c   Data           4  adc.o(.data)
    Sensor_Right                             0x20000030   Data           4  adc.o(.data)
    Sensor                                   0x20000034   Data           4  adc.o(.data)
    sum                                      0x20000038   Data           4  adc.o(.data)
    Led_Count                                0x20000068   Data           4  led.o(.data)
    usb_ps2_ready                            0x20000070   Data           1  pstwo.o(.data)
    Handkey                                  0x20000072   Data           2  pstwo.o(.data)
    Comd                                     0x20000074   Data           2  pstwo.o(.data)
    MASK                                     0x20000076   Data          32  pstwo.o(.data)
    Strat                                    0x20000098   Data           4  pstwo.o(.data)
    Diff_Along_Distance_KP                   0x200000a0   Data           4  usartx.o(.data)
    Diff_Along_Distance_KD                   0x200000a4   Data           4  usartx.o(.data)
    Diff_Along_Distance_KI                   0x200000a8   Data           4  usartx.o(.data)
    Akm_Along_Distance_KP                    0x200000ac   Data           4  usartx.o(.data)
    Akm_Along_Distance_KD                    0x200000b0   Data           4  usartx.o(.data)
    Akm_Along_Distance_KI                    0x200000b4   Data           4  usartx.o(.data)
    FourWheel_Along_Distance_KP              0x200000b8   Data           4  usartx.o(.data)
    FourWheel_Along_Distance_KD              0x200000bc   Data           4  usartx.o(.data)
    FourWheel_Along_Distance_KI              0x200000c0   Data           4  usartx.o(.data)
    Along_Distance_KP                        0x200000c4   Data           4  usartx.o(.data)
    Along_Distance_KD                        0x200000c8   Data           4  usartx.o(.data)
    Along_Distance_KI                        0x200000cc   Data           4  usartx.o(.data)
    Distance_KP                              0x200000d0   Data           4  usartx.o(.data)
    Distance_KD                              0x200000d4   Data           4  usartx.o(.data)
    Distance_KI                              0x200000d8   Data           4  usartx.o(.data)
    Follow_KP                                0x200000dc   Data           4  usartx.o(.data)
    Follow_KD                                0x200000e0   Data           4  usartx.o(.data)
    Follow_KI                                0x200000e4   Data           4  usartx.o(.data)
    Follow_KP_Akm                            0x200000e8   Data           4  usartx.o(.data)
    Follow_KD_Akm                            0x200000ec   Data           4  usartx.o(.data)
    Follow_KI_Akm                            0x200000f0   Data           4  usartx.o(.data)
    data_cnt                                 0x200000f4   Data           4  usartx.o(.data)
    __stdout                                 0x20000130   Data           4  usart.o(.data)
    USART_RX_STA                             0x20000134   Data           2  usart.o(.data)
    pxCurrentTCB                             0x20000148   Data           4  tasks.o(.data)
    Flag_Stop                                0x200001bc   Data           1  system.o(.data)
    Divisor_Mode                             0x200001c0   Data           4  system.o(.data)
    Car_Mode                                 0x200001c4   Data           1  system.o(.data)
    Servo                                    0x200001c8   Data           4  system.o(.data)
    RC_Velocity                              0x200001cc   Data           4  system.o(.data)
    Tank_Car_CCD_KP                          0x200001d0   Data           4  system.o(.data)
    Tank_Car_CCD_KI                          0x200001d4   Data           4  system.o(.data)
    Tank_Car_ELE_KP                          0x200001d8   Data           4  system.o(.data)
    Tank_Car_ELE_KI                          0x200001dc   Data           4  system.o(.data)
    Omni_Car_CCD_KP                          0x200001e0   Data           4  system.o(.data)
    Omni_Car_CCD_KI                          0x200001e4   Data           4  system.o(.data)
    Omni_Car_ELE_KP                          0x200001e8   Data           4  system.o(.data)
    Omni_Car_ELE_KI                          0x200001ec   Data           4  system.o(.data)
    CCD_KP                                   0x200001f0   Data           4  system.o(.data)
    CCD_KI                                   0x200001f4   Data           4  system.o(.data)
    ELE_KP                                   0x200001f8   Data           4  system.o(.data)
    ELE_KI                                   0x200001fc   Data           4  system.o(.data)
    PS2_LX                                   0x20000200   Data           4  system.o(.data)
    PS2_LY                                   0x20000204   Data           4  system.o(.data)
    PS2_RX                                   0x20000208   Data           4  system.o(.data)
    PS2_RY                                   0x2000020c   Data           4  system.o(.data)
    PS2_KEY                                  0x20000210   Data           4  system.o(.data)
    Move_X                                   0x20000214   Data           4  system.o(.data)
    Move_Y                                   0x20000218   Data           4  system.o(.data)
    Move_Z                                   0x2000021c   Data           4  system.o(.data)
    Velocity_KP                              0x20000220   Data           4  system.o(.data)
    Velocity_KI                              0x20000224   Data           4  system.o(.data)
    Encoder_precision                        0x20000228   Data           4  system.o(.data)
    Wheel_perimeter                          0x2000022c   Data           4  system.o(.data)
    Wheel_spacing                            0x20000230   Data           4  system.o(.data)
    Axle_spacing                             0x20000234   Data           4  system.o(.data)
    Omni_turn_radiaus                        0x20000238   Data           4  system.o(.data)
    CCD_ON_Flag                              0x2000023c   Data           1  system.o(.data)
    APP_ON_Flag                              0x2000023d   Data           1  system.o(.data)
    ELE_ON_Flag                              0x2000023e   Data           1  system.o(.data)
    Avoid_ON_Flag                            0x2000023f   Data           1  system.o(.data)
    Follow_ON_Flag                           0x20000240   Data           1  system.o(.data)
    Along_wall                               0x20000241   Data           1  system.o(.data)
    PS2_ON_Flag                              0x20000242   Data           1  system.o(.data)
    Flag_Left                                0x20000243   Data           1  system.o(.data)
    Flag_Right                               0x20000244   Data           1  system.o(.data)
    Flag_Direction                           0x20000245   Data           1  system.o(.data)
    Turn_Flag                                0x20000246   Data           1  system.o(.data)
    PID_Send                                 0x20000247   Data           1  system.o(.data)
    POT_val                                  0x20000248   Data           4  system.o(.data)
    Full_rotation                            0x2000024c   Data           4  system.o(.data)
    Lidar_Detect                             0x20000250   Data           1  balance.o(.data)
    RC_Lidar_Avoid_FLAG                      0x20000254   Data           4  balance.o(.data)
    Mode                                     0x20000258   Data           1  balance.o(.data)
    RC_Velocity_CCD                          0x2000025c   Data           4  balance.o(.data)
    RC_Velocity_ELE                          0x20000260   Data           4  balance.o(.data)
    PS2_Velocity                             0x20000264   Data           4  balance.o(.data)
    PS2_Turn_Velocity                        0x20000268   Data           4  balance.o(.data)
    Lidar_Success_Receive_flag               0x2000026c   Data           1  balance.o(.data)
    Lidar_flag_count                         0x2000026d   Data           1  balance.o(.data)
    robot_mode_check_flag                    0x20000270   Data           4  balance.o(.data)
    test_num                                 0x20000274   Data           2  balance.o(.data)
    command_lost_count                       0x20000276   Data           1  balance.o(.data)
    start_check_flag                         0x20000277   Data           1  balance.o(.data)
    wait_clear_times                         0x20000278   Data           1  balance.o(.data)
    start_clear                              0x20000279   Data           1  balance.o(.data)
    clear_done_once                          0x2000027a   Data           1  balance.o(.data)
    clear_again_times                        0x2000027c   Data           2  balance.o(.data)
    debug_show_diff                          0x20000280   Data           4  balance.o(.data)
    clear_state                              0x20000284   Data           1  balance.o(.data)
    Voltage_Show                             0x20000318   Data           4  show.o(.data)
    i                                        0x2000031c   Data           1  show.o(.data)
    Send_Count                               0x2000031d   Data           1  show.o(.data)
    oled_refresh_flag                        0x2000031e   Data           1  show.o(.data)
    oled_page                                0x2000031f   Data           1  show.o(.data)
    Buzzer_count                             0x20000320   Data           4  show.o(.data)
    usb_wait_EnumReady                       0x20000330   Data           1  usbh_core.o(.data)
    usb_showEnum                             0x20000331   Data           1  usbh_core.o(.data)
    ps2_info                                 0x20000338   Data          12  bsp_ps2.o(.data)
    ps2_defaultVal                           0x20000344   Data          12  bsp_ps2.o(.data)
    PS2_HID_Class                            0x20000350   Data          32  bsp_ps2.o(.data)
    WiredlessPS2_HID_Class                   0x20000370   Data          32  bsp_ps2.o(.data)
    Appli_state                              0x20000390   Data           1  usb_host.o(.data)
    __microlib_freelist                      0x20000394   Data           4  mvars.o(.data)
    __microlib_freelist_initialised          0x20000398   Data           4  mvars.o(.data)
    ADV                                      0x200003a0   Data         256  adc.o(.bss)
    OLED_GRAM                                0x200004a0   Data        1024  oled.o(.bss)
    Data                                     0x200008ac   Data           9  pstwo.o(.bss)
    PointDataProcess                         0x200008b8   Data        9600  usartx.o(.bss)
    Pack_Data                                0x20002e38   Data         106  usartx.o(.bss)
    Dataprocess                              0x20002ea4   Data        9600  usartx.o(.bss)
    xQueueRegistry                           0x20005458   Data          64  queue.o(.bss)
    smooth_control                           0x2000a7a4   Data          12  system.o(.bss)
    MOTOR_A                                  0x2000a7b0   Data          20  system.o(.bss)
    MOTOR_B                                  0x2000a7c4   Data          20  system.o(.bss)
    MOTOR_C                                  0x2000a7d8   Data          20  system.o(.bss)
    MOTOR_D                                  0x2000a7ec   Data          20  system.o(.bss)
    SysVal                                   0x2000a800   Data          12  system.o(.bss)
    OriginalEncoder                          0x2000a80c   Data          16  balance.o(.bss)
    Robot_Parament                           0x2000a81c   Data          24  robot_select_init.o(.bss)
    hhcd_USB_OTG_FS                          0x2000a834   Data         992  usbh_conf.o(.bss)
    ps2key                                   0x2000ac54   Data         256  bsp_ps2.o(.bss)
    hUsbHostFS                               0x2000ad54   Data        1512  usb_host.o(.bss)
    __heap_base                              0x2000b340   Data           0  startup_stm32f40_41xxx.o(HEAP)
    __heap_limit                             0x2000b540   Data           0  startup_stm32f40_41xxx.o(HEAP)
    __initial_sp                             0x2000b940   Data           0  startup_stm32f40_41xxx.o(STACK)



==============================================================================

Memory Map of the image

  Image Entry point : 0x08000189

  Load Region LR_IROM1 (Base: 0x08000000, Size: 0x000154b0, Max: 0x00100000, ABSOLUTE, COMPRESSED[0x00015220])

    Execution Region ER_IROM1 (Exec base: 0x08000000, Load base: 0x08000000, Size: 0x00015110, Max: 0x00100000, ABSOLUTE)

    Exec Addr    Load Addr    Size         Type   Attr      Idx    E Section Name        Object

    0x08000000   0x08000000   0x00000188   Data   RO         1658    RESET               startup_stm32f40_41xxx.o
    0x08000188   0x08000188   0x00000000   Code   RO         6372  * .ARM.Collect$$$$00000000  mc_w.l(entry.o)
    0x08000188   0x08000188   0x00000004   Code   RO         6726    .ARM.Collect$$$$00000001  mc_w.l(entry2.o)
    0x0800018c   0x0800018c   0x00000004   Code   RO         6729    .ARM.Collect$$$$00000004  mc_w.l(entry5.o)
    0x08000190   0x08000190   0x00000000   Code   RO         6731    .ARM.Collect$$$$00000008  mc_w.l(entry7b.o)
    0x08000190   0x08000190   0x00000000   Code   RO         6733    .ARM.Collect$$$$0000000A  mc_w.l(entry8b.o)
    0x08000190   0x08000190   0x00000008   Code   RO         6734    .ARM.Collect$$$$0000000B  mc_w.l(entry9a.o)
    0x08000198   0x08000198   0x00000004   Code   RO         6741    .ARM.Collect$$$$0000000E  mc_w.l(entry12b.o)
    0x0800019c   0x0800019c   0x00000000   Code   RO         6736    .ARM.Collect$$$$0000000F  mc_w.l(entry10a.o)
    0x0800019c   0x0800019c   0x00000000   Code   RO         6738    .ARM.Collect$$$$00000011  mc_w.l(entry11a.o)
    0x0800019c   0x0800019c   0x00000004   Code   RO         6727    .ARM.Collect$$$$00002712  mc_w.l(entry2.o)
    0x080001a0   0x080001a0   0x000000b6   Code   RO         4912    .emb_text           port.o
    0x08000256   0x08000256   0x00000002   PAD
    0x08000258   0x08000258   0x00000024   Code   RO         1659    .text               startup_stm32f40_41xxx.o
    0x0800027c   0x0800027c   0x00000024   Code   RO         6375    .text               mc_w.l(memcpya.o)
    0x080002a0   0x080002a0   0x00000024   Code   RO         6377    .text               mc_w.l(memseta.o)
    0x080002c4   0x080002c4   0x0000014e   Code   RO         6674    .text               mf_w.l(dadd.o)
    0x08000412   0x08000412   0x000000e4   Code   RO         6676    .text               mf_w.l(dmul.o)
    0x080004f6   0x080004f6   0x000000de   Code   RO         6678    .text               mf_w.l(ddiv.o)
    0x080005d4   0x080005d4   0x00000022   Code   RO         6682    .text               mf_w.l(dflti.o)
    0x080005f6   0x080005f6   0x0000001a   Code   RO         6684    .text               mf_w.l(dfltui.o)
    0x08000610   0x08000610   0x00000026   Code   RO         6686    .text               mf_w.l(f2d.o)
    0x08000636   0x08000636   0x00000038   Code   RO         6688    .text               mf_w.l(d2f.o)
    0x0800066e   0x0800066e   0x0000002c   Code   RO         6742    .text               mc_w.l(uidiv.o)
    0x0800069a   0x0800069a   0x00000062   Code   RO         6744    .text               mc_w.l(uldiv.o)
    0x080006fc   0x080006fc   0x0000001e   Code   RO         6746    .text               mc_w.l(llshl.o)
    0x0800071a   0x0800071a   0x00000024   Code   RO         6748    .text               mc_w.l(llsshr.o)
    0x0800073e   0x0800073e   0x00000000   Code   RO         6759    .text               mc_w.l(iusefp.o)
    0x0800073e   0x0800073e   0x0000006e   Code   RO         6760    .text               mf_w.l(fepilogue.o)
    0x080007ac   0x080007ac   0x000000ba   Code   RO         6762    .text               mf_w.l(depilogue.o)
    0x08000866   0x08000866   0x0000002e   Code   RO         6764    .text               mf_w.l(dscalb.o)
    0x08000894   0x08000894   0x000000a2   Code   RO         6766    .text               mf_w.l(dsqrt.o)
    0x08000936   0x08000936   0x00000030   Code   RO         6768    .text               mf_w.l(dfixul.o)
    0x08000966   0x08000966   0x00000002   PAD
    0x08000968   0x08000968   0x00000030   Code   RO         6772    .text               mf_w.l(cdrcmple.o)
    0x08000998   0x08000998   0x00000024   Code   RO         6774    .text               mc_w.l(init.o)
    0x080009bc   0x080009bc   0x00000020   Code   RO         6776    .text               mc_w.l(llushr.o)
    0x080009dc   0x080009dc   0x0000003e   Code   RO         6778    .text               mf_w.l(dfixi.o)
    0x08000a1a   0x08000a1a   0x00000056   Code   RO         6788    .text               mc_w.l(__dczerorl2.o)
    0x08000a70   0x08000a70   0x00000016   Code   RO         2391    i.ADC_Cmd           stm32f4xx_adc.o
    0x08000a86   0x08000a86   0x00000002   PAD
    0x08000a88   0x08000a88   0x00000030   Code   RO         2392    i.ADC_CommonInit    stm32f4xx_adc.o
    0x08000ab8   0x08000ab8   0x00000008   Code   RO         2403    i.ADC_GetConversionValue  stm32f4xx_adc.o
    0x08000ac0   0x08000ac0   0x00000012   Code   RO         2404    i.ADC_GetFlagStatus  stm32f4xx_adc.o
    0x08000ad2   0x08000ad2   0x00000002   PAD
    0x08000ad4   0x08000ad4   0x00000054   Code   RO         2411    i.ADC_Init          stm32f4xx_adc.o
    0x08000b28   0x08000b28   0x000000b8   Code   RO         2416    i.ADC_RegularChannelConfig  stm32f4xx_adc.o
    0x08000be0   0x08000be0   0x0000000a   Code   RO         2418    i.ADC_SoftwareStartConv  stm32f4xx_adc.o
    0x08000bea   0x08000bea   0x00000002   PAD
    0x08000bec   0x08000bec   0x0000038c   Code   RO         5310    i.APP_Show          show.o
    0x08000f78   0x08000f78   0x000000f8   Code   RO         1069    i.AT_Command_Capture  usartx.o
    0x08001070   0x08001070   0x00000084   Code   RO          398    i.Adc_Init          adc.o
    0x080010f4   0x080010f4   0x00000084   Code   RO          399    i.Adc_POWER_Init    adc.o
    0x08001178   0x08001178   0x0000028c   Code   RO         5085    i.Along_Adjust_PID  balance.o
    0x08001404   0x08001404   0x00000430   Code   RO         5086    i.Balance_task      balance.o
    0x08001834   0x08001834   0x00000004   Code   RO          282    i.BusFault_Handler  stm32f4xx_it.o
    0x08001838   0x08001838   0x0000002c   Code   RO          623    i.Buzzer_Alarm      led.o
    0x08001864   0x08001864   0x00000038   Code   RO          624    i.Buzzer_Init       led.o
    0x0800189c   0x0800189c   0x0000008e   Code   RO         5618    i.DeInitStateMachine  usbh_core.o
    0x0800192a   0x0800192a   0x00000002   Code   RO          283    i.DebugMon_Handler  stm32f4xx_it.o
    0x0800192c   0x0800192c   0x00000080   Code   RO         5087    i.Detect_Barrier    balance.o
    0x080019ac   0x080019ac   0x00000124   Code   RO         5088    i.Distance_Adjust_PID  balance.o
    0x08001ad0   0x08001ad0   0x0000000c   Code   RO          400    i.Dly_us            adc.o
    0x08001adc   0x08001adc   0x000008b6   Code   RO         5089    i.Drive_Motor       balance.o
    0x08002392   0x08002392   0x00000002   PAD
    0x08002394   0x08002394   0x00000030   Code   RO          679    i.Enable_Pin        motor.o
    0x080023c4   0x080023c4   0x000000e8   Code   RO          492    i.Encoder_Init_TIM2  encoder.o
    0x080024ac   0x080024ac   0x000000bc   Code   RO          493    i.Encoder_Init_TIM3  encoder.o
    0x08002568   0x08002568   0x000000bc   Code   RO          494    i.Encoder_Init_TIM4  encoder.o
    0x08002624   0x08002624   0x000000bc   Code   RO          495    i.Encoder_Init_TIM5  encoder.o
    0x080026e0   0x080026e0   0x00000006   Code   RO         6280    i.Error_Handler     usbh_os_middleware.o
    0x080026e6   0x080026e6   0x00000002   PAD
    0x080026e8   0x080026e8   0x0000023c   Code   RO          401    i.Find_CCD_Median   adc.o
    0x08002924   0x08002924   0x00000194   Code   RO         5090    i.Follow_Turn_PID   balance.o
    0x08002ab8   0x08002ab8   0x00000090   Code   RO         1710    i.GPIO_Init         stm32f4xx_gpio.o
    0x08002b48   0x08002b48   0x00000046   Code   RO         1711    i.GPIO_PinAFConfig  stm32f4xx_gpio.o
    0x08002b8e   0x08002b8e   0x00000004   Code   RO         1717    i.GPIO_ResetBits    stm32f4xx_gpio.o
    0x08002b92   0x08002b92   0x00000004   Code   RO         1718    i.GPIO_SetBits      stm32f4xx_gpio.o
    0x08002b96   0x08002b96   0x00000002   PAD
    0x08002b98   0x08002b98   0x00000030   Code   RO          402    i.Get_Adc           adc.o
    0x08002bc8   0x08002bc8   0x00000030   Code   RO          403    i.Get_Adc2          adc.o
    0x08002bf8   0x08002bf8   0x000003a0   Code   RO         5091    i.Get_RC            balance.o
    0x08002f98   0x08002f98   0x000002b4   Code   RO         5092    i.Get_RC_CCD        balance.o
    0x0800324c   0x0800324c   0x000002f0   Code   RO         5093    i.Get_RC_ELE        balance.o
    0x0800353c   0x0800353c   0x00000204   Code   RO         5094    i.Get_Velocity_Form_Encoder  balance.o
    0x08003740   0x08003740   0x0000002e   Code   RO          404    i.Get_adc_Average   adc.o
    0x0800376e   0x0800376e   0x00000002   PAD
    0x08003770   0x08003770   0x000000a0   Code   RO          405    i.Get_battery_volt  adc.o
    0x08003810   0x08003810   0x0000000e   Code   RO         5990    i.HAL_HCD_Connect_Callback  usbh_conf.o
    0x0800381e   0x0800381e   0x0000000e   Code   RO         5991    i.HAL_HCD_Disconnect_Callback  usbh_conf.o
    0x0800382c   0x0800382c   0x0000000c   Code   RO         3477    i.HAL_HCD_GetCurrentFrame  stm32f4xx_hal_hcd.o
    0x08003838   0x08003838   0x0000000c   Code   RO         3478    i.HAL_HCD_GetCurrentSpeed  stm32f4xx_hal_hcd.o
    0x08003844   0x08003844   0x00000042   Code   RO         3480    i.HAL_HCD_HC_ClearHubInfo  stm32f4xx_hal_hcd.o
    0x08003886   0x08003886   0x00000014   Code   RO         3482    i.HAL_HCD_HC_GetURBState  stm32f4xx_hal_hcd.o
    0x0800389a   0x0800389a   0x00000012   Code   RO         3483    i.HAL_HCD_HC_GetXferCount  stm32f4xx_hal_hcd.o
    0x080038ac   0x080038ac   0x00000034   Code   RO         3484    i.HAL_HCD_HC_Halt   stm32f4xx_hal_hcd.o
    0x080038e0   0x080038e0   0x0000010e   Code   RO         3485    i.HAL_HCD_HC_Init   stm32f4xx_hal_hcd.o
    0x080039ee   0x080039ee   0x00000012   Code   RO         5992    i.HAL_HCD_HC_NotifyURBChange_Callback  usbh_conf.o
    0x08003a00   0x08003a00   0x00000284   Code   RO         3488    i.HAL_HCD_HC_SubmitRequest  stm32f4xx_hal_hcd.o
    0x08003c84   0x08003c84   0x0000017c   Code   RO         3489    i.HAL_HCD_IRQHandler  stm32f4xx_hal_hcd.o
    0x08003e00   0x08003e00   0x00000086   Code   RO         3490    i.HAL_HCD_Init      stm32f4xx_hal_hcd.o
    0x08003e86   0x08003e86   0x00000002   PAD
    0x08003e88   0x08003e88   0x0000006c   Code   RO         5994    i.HAL_HCD_MspInit   usbh_conf.o
    0x08003ef4   0x08003ef4   0x0000000e   Code   RO         5995    i.HAL_HCD_PortDisabled_Callback  usbh_conf.o
    0x08003f02   0x08003f02   0x0000000e   Code   RO         5996    i.HAL_HCD_PortEnabled_Callback  usbh_conf.o
    0x08003f10   0x08003f10   0x0000000c   Code   RO         3495    i.HAL_HCD_ResetPort  stm32f4xx_hal_hcd.o
    0x08003f1c   0x08003f1c   0x0000000e   Code   RO         5997    i.HAL_HCD_SOF_Callback  usbh_conf.o
    0x08003f2a   0x08003f2a   0x00000036   Code   RO         3497    i.HAL_HCD_Start     stm32f4xx_hal_hcd.o
    0x08003f60   0x08003f60   0x0000002e   Code   RO         3498    i.HAL_HCD_Stop      stm32f4xx_hal_hcd.o
    0x08003f8e   0x08003f8e   0x000009e0   Code   RO         3500    i.HCD_HC_IN_IRQHandler  stm32f4xx_hal_hcd.o
    0x0800496e   0x0800496e   0x00000738   Code   RO         3501    i.HCD_HC_OUT_IRQHandler  stm32f4xx_hal_hcd.o
    0x080050a6   0x080050a6   0x000000b6   Code   RO         3502    i.HCD_Port_IRQHandler  stm32f4xx_hal_hcd.o
    0x0800515c   0x0800515c   0x00000156   Code   RO         3503    i.HCD_RXQLVL_IRQHandler  stm32f4xx_hal_hcd.o
    0x080052b2   0x080052b2   0x00000004   Code   RO          284    i.HardFault_Handler  stm32f4xx_it.o
    0x080052b6   0x080052b6   0x00000002   PAD
    0x080052b8   0x080052b8   0x0000004c   Code   RO         1406    i.I2C_Ack           i2c.o
    0x08005304   0x08005304   0x0000004c   Code   RO         1407    i.I2C_GPIOInit      i2c.o
    0x08005350   0x08005350   0x0000004c   Code   RO         1408    i.I2C_NAck          i2c.o
    0x0800539c   0x0800539c   0x00000070   Code   RO         1410    i.I2C_ReadByte      i2c.o
    0x0800540c   0x0800540c   0x00000040   Code   RO         1411    i.I2C_ReadOneByte   i2c.o
    0x0800544c   0x0800544c   0x00000064   Code   RO         1412    i.I2C_Start         i2c.o
    0x080054b0   0x080054b0   0x00000048   Code   RO         1413    i.I2C_Stop          i2c.o
    0x080054f8   0x080054f8   0x00000064   Code   RO         1414    i.I2C_WaiteForAck   i2c.o
    0x0800555c   0x0800555c   0x00000064   Code   RO         1417    i.I2C_WriteByte     i2c.o
    0x080055c0   0x080055c0   0x0000000c   Code   RO         1197    i.ICM20948_getDeviceID  icm20948.o
    0x080055cc   0x080055cc   0x000000b0   Code   RO         5095    i.Incremental_PI_A  balance.o
    0x0800567c   0x0800567c   0x000000b0   Code   RO         5096    i.Incremental_PI_B  balance.o
    0x0800572c   0x0800572c   0x000000b0   Code   RO         5097    i.Incremental_PI_C  balance.o
    0x080057dc   0x080057dc   0x000000b0   Code   RO         5098    i.Incremental_PI_D  balance.o
    0x0800588c   0x0800588c   0x00000030   Code   RO          567    i.KEY_Init          key.o
    0x080058bc   0x080058bc   0x0000020c   Code   RO         5099    i.Lidar_Avoid       balance.o
    0x08005ac8   0x08005ac8   0x000002a4   Code   RO         5100    i.Lidar_Follow      balance.o
    0x08005d6c   0x08005d6c   0x00000150   Code   RO         5101    i.Lidar_along_wall  balance.o
    0x08005ebc   0x08005ebc   0x000000ac   Code   RO         5102    i.Limit_Pwm         balance.o
    0x08005f68   0x08005f68   0x0000000c   Code   RO         1302    i.MPU6050_getDeviceID  mpu6050.o
    0x08005f74   0x08005f74   0x0000004c   Code   RO         6244    i.MX_USB_HOST_Init  usb_host.o
    0x08005fc0   0x08005fc0   0x00000004   Code   RO          285    i.MemManage_Handler  stm32f4xx_it.o
    0x08005fc4   0x08005fc4   0x00000002   Code   RO          286    i.NMI_Handler       stm32f4xx_it.o
    0x08005fc6   0x08005fc6   0x00000002   PAD
    0x08005fc8   0x08005fc8   0x00000078   Code   RO         1665    i.NVIC_Init         misc.o
    0x08006040   0x08006040   0x00000014   Code   RO         1666    i.NVIC_PriorityGroupConfig  misc.o
    0x08006054   0x08006054   0x00000030   Code   RO          724    i.OLED_Clear        oled.o
    0x08006084   0x08006084   0x00000076   Code   RO          727    i.OLED_DrawBMP      oled.o
    0x080060fa   0x080060fa   0x00000002   PAD
    0x080060fc   0x080060fc   0x00000068   Code   RO          728    i.OLED_DrawPoint    oled.o
    0x08006164   0x08006164   0x00000038   Code   RO          729    i.OLED_DrawPoint_Shu  oled.o
    0x0800619c   0x0800619c   0x00000134   Code   RO          730    i.OLED_Init         oled.o
    0x080062d0   0x080062d0   0x0000004c   Code   RO          731    i.OLED_Refresh_Gram  oled.o
    0x0800631c   0x0800631c   0x0000004c   Code   RO          732    i.OLED_Refresh_Line  oled.o
    0x08006368   0x08006368   0x0000002a   Code   RO          733    i.OLED_Set_Pos      oled.o
    0x08006392   0x08006392   0x00000002   PAD
    0x08006394   0x08006394   0x000000a8   Code   RO          736    i.OLED_ShowChar     oled.o
    0x0800643c   0x0800643c   0x00000094   Code   RO          739    i.OLED_ShowNumber   oled.o
    0x080064d0   0x080064d0   0x00000044   Code   RO          740    i.OLED_ShowString   oled.o
    0x08006514   0x08006514   0x00000038   Code   RO          742    i.OLED_Show_CCD     oled.o
    0x0800654c   0x0800654c   0x00000058   Code   RO          744    i.OLED_WR_Byte      oled.o
    0x080065a4   0x080065a4   0x00000010   Code   RO         6281    i.OTG_FS_IRQHandler  usbh_os_middleware.o
    0x080065b4   0x080065b4   0x00000090   Code   RO          892    i.PS2Control_Reset  pstwo.o
    0x08006644   0x08006644   0x0000000c   Code   RO          893    i.PS2Control_Set    pstwo.o
    0x08006650   0x08006650   0x0000000c   Code   RO          894    i.PS2_AnologData    pstwo.o
    0x0800665c   0x0800665c   0x00000018   Code   RO          895    i.PS2_ClearData     pstwo.o
    0x08006674   0x08006674   0x00000090   Code   RO          896    i.PS2_Cmd           pstwo.o
    0x08006704   0x08006704   0x0000028c   Code   RO         5103    i.PS2_Control       balance.o
    0x08006990   0x08006990   0x00000054   Code   RO          897    i.PS2_DataKey       pstwo.o
    0x080069e4   0x080069e4   0x0000005c   Code   RO          898    i.PS2_EnterConfing  pstwo.o
    0x08006a40   0x08006a40   0x0000005c   Code   RO          899    i.PS2_ExitConfing   pstwo.o
    0x08006a9c   0x08006a9c   0x00000058   Code   RO          900    i.PS2_Init          pstwo.o
    0x08006af4   0x08006af4   0x00000178   Code   RO          901    i.PS2_Read          pstwo.o
    0x08006c6c   0x08006c6c   0x000000b4   Code   RO          902    i.PS2_ReadData      pstwo.o
    0x08006d20   0x08006d20   0x0000001c   Code   RO          905    i.PS2_SetInit       pstwo.o
    0x08006d3c   0x08006d3c   0x00000044   Code   RO          906    i.PS2_ShortPoll     pstwo.o
    0x08006d80   0x08006d80   0x00000058   Code   RO          907    i.PS2_TurnOnAnalogMode  pstwo.o
    0x08006dd8   0x08006dd8   0x0000000c   Code   RO         3352    i.PWR_BackupAccessCmd  stm32f4xx_pwr.o
    0x08006de4   0x08006de4   0x00000020   Code   RO         1807    i.RCC_AHB1PeriphClockCmd  stm32f4xx_rcc.o
    0x08006e04   0x08006e04   0x00000020   Code   RO         1810    i.RCC_AHB2PeriphClockCmd  stm32f4xx_rcc.o
    0x08006e24   0x08006e24   0x00000020   Code   RO         1812    i.RCC_AHB2PeriphResetCmd  stm32f4xx_rcc.o
    0x08006e44   0x08006e44   0x00000020   Code   RO         1816    i.RCC_APB1PeriphClockCmd  stm32f4xx_rcc.o
    0x08006e64   0x08006e64   0x00000020   Code   RO         1819    i.RCC_APB2PeriphClockCmd  stm32f4xx_rcc.o
    0x08006e84   0x08006e84   0x00000020   Code   RO         1821    i.RCC_APB2PeriphResetCmd  stm32f4xx_rcc.o
    0x08006ea4   0x08006ea4   0x000000e8   Code   RO         1828    i.RCC_GetClocksFreq  stm32f4xx_rcc.o
    0x08006f8c   0x08006f8c   0x0000002c   Code   RO         1837    i.RCC_LSEConfig     stm32f4xx_rcc.o
    0x08006fb8   0x08006fb8   0x000001c4   Code   RO         5104    i.RC_Lidar_Aviod    balance.o
    0x0800717c   0x0800717c   0x0000008c   Code   RO          406    i.RD_TSL            adc.o
    0x08007208   0x08007208   0x00000064   Code   RO          496    i.Read_Encoder      encoder.o
    0x0800726c   0x0800726c   0x000000bc   Code   RO         5281    i.Robot_Init        robot_select_init.o
    0x08007328   0x08007328   0x00000150   Code   RO         5282    i.Robot_Select      robot_select_init.o
    0x08007478   0x08007478   0x00000014   Code   RO         1561    i.SYS_VAL_t_Init    sys.o
    0x0800748c   0x0800748c   0x000000ec   Code   RO          361    i.SetSysClock       system_stm32f4xx.o
    0x08007578   0x08007578   0x0000009c   Code   RO         5105    i.Set_Pwm           balance.o
    0x08007614   0x08007614   0x000001dc   Code   RO         5106    i.Smooth_control    balance.o
    0x080077f0   0x080077f0   0x00000028   Code   RO         1669    i.SysTick_CLKSourceConfig  misc.o
    0x08007818   0x08007818   0x00000010   Code   RO         1504    i.SysTick_Handler   delay.o
    0x08007828   0x08007828   0x00000068   Code   RO          363    i.SystemInit        system_stm32f4xx.o
    0x08007890   0x08007890   0x0000003a   Code   RO         2790    i.TI1_Config        stm32f4xx_tim.o
    0x080078ca   0x080078ca   0x00000050   Code   RO         2791    i.TI2_Config        stm32f4xx_tim.o
    0x0800791a   0x0800791a   0x00000048   Code   RO         2792    i.TI3_Config        stm32f4xx_tim.o
    0x08007962   0x08007962   0x00000050   Code   RO         2793    i.TI4_Config        stm32f4xx_tim.o
    0x080079b2   0x080079b2   0x00000002   PAD
    0x080079b4   0x080079b4   0x000000a0   Code   RO          680    i.TIM10_PWM_Init    motor.o
    0x08007a54   0x08007a54   0x000000a8   Code   RO          681    i.TIM11_PWM_Init    motor.o
    0x08007afc   0x08007afc   0x000000f8   Code   RO          682    i.TIM1_PWM_Init     motor.o
    0x08007bf4   0x08007bf4   0x00000018   Code   RO          497    i.TIM2_IRQHandler   encoder.o
    0x08007c0c   0x08007c0c   0x00000018   Code   RO          498    i.TIM3_IRQHandler   encoder.o
    0x08007c24   0x08007c24   0x00000018   Code   RO          499    i.TIM4_IRQHandler   encoder.o
    0x08007c3c   0x08007c3c   0x00000018   Code   RO          500    i.TIM5_IRQHandler   encoder.o
    0x08007c54   0x08007c54   0x00000018   Code   RO          501    i.TIM8_BRK_TIM12_IRQHandler  encoder.o
    0x08007c6c   0x08007c6c   0x000000ac   Code   RO         1049    i.TIM8_SERVO_Init   timer.o
    0x08007d18   0x08007d18   0x000000b8   Code   RO          683    i.TIM9_PWM_Init     motor.o
    0x08007dd0   0x08007dd0   0x00000018   Code   RO         2794    i.TIM_ARRPreloadConfig  stm32f4xx_tim.o
    0x08007de8   0x08007de8   0x00000006   Code   RO         2800    i.TIM_ClearFlag     stm32f4xx_tim.o
    0x08007dee   0x08007dee   0x00000018   Code   RO         2806    i.TIM_Cmd           stm32f4xx_tim.o
    0x08007e06   0x08007e06   0x0000001e   Code   RO         2808    i.TIM_CtrlPWMOutputs  stm32f4xx_tim.o
    0x08007e24   0x08007e24   0x00000042   Code   RO         2815    i.TIM_EncoderInterfaceConfig  stm32f4xx_tim.o
    0x08007e66   0x08007e66   0x0000006e   Code   RO         2829    i.TIM_ICInit        stm32f4xx_tim.o
    0x08007ed4   0x08007ed4   0x00000012   Code   RO         2830    i.TIM_ICStructInit  stm32f4xx_tim.o
    0x08007ee6   0x08007ee6   0x00000012   Code   RO         2831    i.TIM_ITConfig      stm32f4xx_tim.o
    0x08007ef8   0x08007ef8   0x0000007c   Code   RO         2835    i.TIM_OC1Init       stm32f4xx_tim.o
    0x08007f74   0x08007f74   0x00000012   Code   RO         2838    i.TIM_OC1PreloadConfig  stm32f4xx_tim.o
    0x08007f86   0x08007f86   0x00000002   PAD
    0x08007f88   0x08007f88   0x000000a4   Code   RO         2840    i.TIM_OC2Init       stm32f4xx_tim.o
    0x0800802c   0x0800802c   0x0000001a   Code   RO         2843    i.TIM_OC2PreloadConfig  stm32f4xx_tim.o
    0x08008046   0x08008046   0x00000002   PAD
    0x08008048   0x08008048   0x000000a0   Code   RO         2845    i.TIM_OC3Init       stm32f4xx_tim.o
    0x080080e8   0x080080e8   0x00000012   Code   RO         2848    i.TIM_OC3PreloadConfig  stm32f4xx_tim.o
    0x080080fa   0x080080fa   0x00000002   PAD
    0x080080fc   0x080080fc   0x00000078   Code   RO         2850    i.TIM_OC4Init       stm32f4xx_tim.o
    0x08008174   0x08008174   0x0000001a   Code   RO         2852    i.TIM_OC4PreloadConfig  stm32f4xx_tim.o
    0x0800818e   0x0800818e   0x00000004   Code   RO         2872    i.TIM_SetCounter    stm32f4xx_tim.o
    0x08008192   0x08008192   0x00000012   Code   RO         2873    i.TIM_SetIC1Prescaler  stm32f4xx_tim.o
    0x080081a4   0x080081a4   0x0000001a   Code   RO         2874    i.TIM_SetIC2Prescaler  stm32f4xx_tim.o
    0x080081be   0x080081be   0x00000012   Code   RO         2875    i.TIM_SetIC3Prescaler  stm32f4xx_tim.o
    0x080081d0   0x080081d0   0x0000001a   Code   RO         2876    i.TIM_SetIC4Prescaler  stm32f4xx_tim.o
    0x080081ea   0x080081ea   0x00000002   PAD
    0x080081ec   0x080081ec   0x00000084   Code   RO         2878    i.TIM_TimeBaseInit  stm32f4xx_tim.o
    0x08008270   0x08008270   0x00000012   Code   RO         2879    i.TIM_TimeBaseStructInit  stm32f4xx_tim.o
    0x08008282   0x08008282   0x00000002   PAD
    0x08008284   0x08008284   0x00000050   Code   RO         5107    i.Turn_Off          balance.o
    0x080082d4   0x080082d4   0x00000434   Code   RO         1070    i.UART5_IRQHandler  usartx.o
    0x08008708   0x08008708   0x0000001c   Code   RO         1071    i.USART1_IRQHandler  usartx.o
    0x08008724   0x08008724   0x00000480   Code   RO         1072    i.USART2_IRQHandler  usartx.o
    0x08008ba4   0x08008ba4   0x00000018   Code   RO         2201    i.USART_Cmd         stm32f4xx_usart.o
    0x08008bbc   0x08008bbc   0x00000054   Code   RO         2205    i.USART_GetITStatus  stm32f4xx_usart.o
    0x08008c10   0x08008c10   0x0000004a   Code   RO         2207    i.USART_ITConfig    stm32f4xx_usart.o
    0x08008c5a   0x08008c5a   0x00000002   PAD
    0x08008c5c   0x08008c5c   0x000000d4   Code   RO         2208    i.USART_Init        stm32f4xx_usart.o
    0x08008d30   0x08008d30   0x0000000a   Code   RO         2215    i.USART_ReceiveData  stm32f4xx_usart.o
    0x08008d3a   0x08008d3a   0x0000002a   Code   RO         5947    i.USBH_AllocPipe    usbh_pipes.o
    0x08008d64   0x08008d64   0x00000012   Code   RO         5948    i.USBH_ClosePipe    usbh_pipes.o
    0x08008d76   0x08008d76   0x00000028   Code   RO         5769    i.USBH_ClrFeature   usbh_ctlreq.o
    0x08008d9e   0x08008d9e   0x0000002a   Code   RO         5881    i.USBH_CtlReceiveData  usbh_ioreq.o
    0x08008dc8   0x08008dc8   0x00000080   Code   RO         5770    i.USBH_CtlReq       usbh_ctlreq.o
    0x08008e48   0x08008e48   0x00000034   Code   RO         5882    i.USBH_CtlSendData  usbh_ioreq.o
    0x08008e7c   0x08008e7c   0x00000026   Code   RO         5883    i.USBH_CtlSendSetup  usbh_ioreq.o
    0x08008ea2   0x08008ea2   0x0000000c   Code   RO         5998    i.USBH_Delay        usbh_conf.o
    0x08008eae   0x08008eae   0x00000050   Code   RO         5620    i.USBH_FindInterface  usbh_core.o
    0x08008efe   0x08008efe   0x0000001e   Code   RO         5949    i.USBH_FreePipe     usbh_pipes.o
    0x08008f1c   0x08008f1c   0x0000004a   Code   RO         5771    i.USBH_GetDescriptor  usbh_ctlreq.o
    0x08008f66   0x08008f66   0x00000028   Code   RO         5950    i.USBH_GetFreePipe  usbh_pipes.o
    0x08008f8e   0x08008f8e   0x00000012   Code   RO         5772    i.USBH_GetNextDesc  usbh_ctlreq.o
    0x08008fa0   0x08008fa0   0x0000003c   Code   RO         5773    i.USBH_Get_CfgDesc  usbh_ctlreq.o
    0x08008fdc   0x08008fdc   0x0000003c   Code   RO         5774    i.USBH_Get_DevDesc  usbh_ctlreq.o
    0x08009018   0x08009018   0x00000044   Code   RO         5775    i.USBH_Get_StringDesc  usbh_ctlreq.o
    0x0800905c   0x0800905c   0x0000002c   Code   RO         5999    i.USBH_Get_USB_Status  usbh_conf.o
    0x08009088   0x08009088   0x000000a6   Code   RO         6151    i.USBH_HID_ClassRequest  bsp_ps2.o
    0x0800912e   0x0800912e   0x00000002   PAD
    0x08009130   0x08009130   0x0000018c   Code   RO          910    i.USBH_HID_EventCallback  pstwo.o
    0x080092bc   0x080092bc   0x0000000e   Code   RO         5365    i.USBH_HID_FifoInit  usbh_hid.o
    0x080092ca   0x080092ca   0x00000052   Code   RO         5366    i.USBH_HID_FifoRead  usbh_hid.o
    0x0800931c   0x0800931c   0x00000060   Code   RO         5367    i.USBH_HID_FifoWrite  usbh_hid.o
    0x0800937c   0x0800937c   0x0000002c   Code   RO         5370    i.USBH_HID_GetHIDReportDescriptor  usbh_hid.o
    0x080093a8   0x080093a8   0x00000034   Code   RO         5372    i.USBH_HID_GetReport  usbh_hid.o
    0x080093dc   0x080093dc   0x00000080   Code   RO         6152    i.USBH_HID_InterfaceDeInit  bsp_ps2.o
    0x0800945c   0x0800945c   0x00000258   Code   RO         6153    i.USBH_HID_InterfaceInit  bsp_ps2.o
    0x080096b4   0x080096b4   0x00000034   Code   RO         6154    i.USBH_HID_PS2Init  bsp_ps2.o
    0x080096e8   0x080096e8   0x00000070   Code   RO         6155    i.USBH_HID_PS2_Decode  bsp_ps2.o
    0x08009758   0x08009758   0x00000060   Code   RO         6156    i.USBH_HID_ParseHIDDesc  bsp_ps2.o
    0x080097b8   0x080097b8   0x0000015e   Code   RO         6157    i.USBH_HID_Process  bsp_ps2.o
    0x08009916   0x08009916   0x0000003c   Code   RO         6158    i.USBH_HID_SOFProcess  bsp_ps2.o
    0x08009952   0x08009952   0x00000028   Code   RO         5378    i.USBH_HID_SetIdle  usbh_hid.o
    0x0800997a   0x0800997a   0x0000002c   Code   RO         5379    i.USBH_HID_SetProtocol  usbh_hid.o
    0x080099a6   0x080099a6   0x00000326   Code   RO         5776    i.USBH_HandleControl  usbh_ctlreq.o
    0x08009ccc   0x08009ccc   0x00000330   Code   RO         5623    i.USBH_HandleEnum   usbh_core.o
    0x08009ffc   0x08009ffc   0x0000001c   Code   RO         5624    i.USBH_HandleSof    usbh_core.o
    0x0800a018   0x0800a018   0x00000084   Code   RO         5625    i.USBH_Init         usbh_core.o
    0x0800a09c   0x0800a09c   0x0000002a   Code   RO         5884    i.USBH_InterruptReceiveData  usbh_ioreq.o
    0x0800a0c6   0x0800a0c6   0x00000026   Code   RO         6000    i.USBH_LL_ClosePipe  usbh_conf.o
    0x0800a0ec   0x0800a0ec   0x0000002e   Code   RO         5627    i.USBH_LL_Connect   usbh_core.o
    0x0800a11a   0x0800a11a   0x00000044   Code   RO         5628    i.USBH_LL_Disconnect  usbh_core.o
    0x0800a15e   0x0800a15e   0x0000001a   Code   RO         6002    i.USBH_LL_DriverVBUS  usbh_conf.o
    0x0800a178   0x0800a178   0x00000012   Code   RO         6003    i.USBH_LL_GetLastXferSize  usbh_conf.o
    0x0800a18a   0x0800a18a   0x00000030   Code   RO         6004    i.USBH_LL_GetSpeed  usbh_conf.o
    0x0800a1ba   0x0800a1ba   0x00000012   Code   RO         6006    i.USBH_LL_GetURBState  usbh_conf.o
    0x0800a1cc   0x0800a1cc   0x00000016   Code   RO         5629    i.USBH_LL_IncTimer  usbh_core.o
    0x0800a1e2   0x0800a1e2   0x00000002   PAD
    0x0800a1e4   0x0800a1e4   0x00000058   Code   RO         6007    i.USBH_LL_Init      usbh_conf.o
    0x0800a23c   0x0800a23c   0x0000001e   Code   RO         5630    i.USBH_LL_NotifyURBChange  usbh_core.o
    0x0800a25a   0x0800a25a   0x00000040   Code   RO         6008    i.USBH_LL_OpenPipe  usbh_conf.o
    0x0800a29a   0x0800a29a   0x00000008   Code   RO         5631    i.USBH_LL_PortDisabled  usbh_core.o
    0x0800a2a2   0x0800a2a2   0x00000022   Code   RO         5632    i.USBH_LL_PortEnabled  usbh_core.o
    0x0800a2c4   0x0800a2c4   0x0000001e   Code   RO         6009    i.USBH_LL_ResetPort  usbh_conf.o
    0x0800a2e2   0x0800a2e2   0x00000006   Code   RO         5633    i.USBH_LL_SetTimer  usbh_core.o
    0x0800a2e8   0x0800a2e8   0x0000003e   Code   RO         6010    i.USBH_LL_SetToggle  usbh_conf.o
    0x0800a326   0x0800a326   0x0000001e   Code   RO         6011    i.USBH_LL_Start     usbh_conf.o
    0x0800a344   0x0800a344   0x0000001e   Code   RO         6012    i.USBH_LL_Stop      usbh_conf.o
    0x0800a362   0x0800a362   0x00000040   Code   RO         6013    i.USBH_LL_SubmitURB  usbh_conf.o
    0x0800a3a2   0x0800a3a2   0x0000002a   Code   RO         5951    i.USBH_OpenPipe     usbh_pipes.o
    0x0800a3cc   0x0800a3cc   0x00000158   Code   RO         5777    i.USBH_ParseCfgDesc  usbh_ctlreq.o
    0x0800a524   0x0800a524   0x000000b2   Code   RO         5778    i.USBH_ParseDevDesc  usbh_ctlreq.o
    0x0800a5d6   0x0800a5d6   0x00000128   Code   RO         5779    i.USBH_ParseEPDesc  usbh_ctlreq.o
    0x0800a6fe   0x0800a6fe   0x00000030   Code   RO         5780    i.USBH_ParseInterfaceDesc  usbh_ctlreq.o
    0x0800a72e   0x0800a72e   0x00000036   Code   RO         5781    i.USBH_ParseStringDesc  usbh_ctlreq.o
    0x0800a764   0x0800a764   0x000003dc   Code   RO         5634    i.USBH_Process      usbh_core.o
    0x0800ab40   0x0800ab40   0x0000002c   Code   RO         5635    i.USBH_Process_OS   usbh_core.o
    0x0800ab6c   0x0800ab6c   0x00000034   Code   RO         5637    i.USBH_RegisterClass  usbh_core.o
    0x0800aba0   0x0800aba0   0x00000028   Code   RO         5638    i.USBH_SelectInterface  usbh_core.o
    0x0800abc8   0x0800abc8   0x00000028   Code   RO         5782    i.USBH_SetAddress   usbh_ctlreq.o
    0x0800abf0   0x0800abf0   0x00000028   Code   RO         5783    i.USBH_SetCfg       usbh_ctlreq.o
    0x0800ac18   0x0800ac18   0x00000028   Code   RO         5784    i.USBH_SetFeature   usbh_ctlreq.o
    0x0800ac40   0x0800ac40   0x00000016   Code   RO         5639    i.USBH_Start        usbh_core.o
    0x0800ac56   0x0800ac56   0x00000002   PAD
    0x0800ac58   0x0800ac58   0x00000038   Code   RO         6245    i.USBH_UserProcess  usb_host.o
    0x0800ac90   0x0800ac90   0x0000008c   Code   RO         3669    i.USB_CoreInit      stm32f4xx_ll_usb.o
    0x0800ad1c   0x0800ad1c   0x00000054   Code   RO         3670    i.USB_CoreReset     stm32f4xx_ll_usb.o
    0x0800ad70   0x0800ad70   0x0000000e   Code   RO         3677    i.USB_DisableGlobalInt  stm32f4xx_ll_usb.o
    0x0800ad7e   0x0800ad7e   0x00000002   PAD
    0x0800ad80   0x0800ad80   0x00000044   Code   RO         3678    i.USB_DoPing        stm32f4xx_ll_usb.o
    0x0800adc4   0x0800adc4   0x0000004a   Code   RO         3679    i.USB_DriveVbus     stm32f4xx_ll_usb.o
    0x0800ae0e   0x0800ae0e   0x0000000e   Code   RO         3685    i.USB_EnableGlobalInt  stm32f4xx_ll_usb.o
    0x0800ae1c   0x0800ae1c   0x00000050   Code   RO         3686    i.USB_FlushRxFifo   stm32f4xx_ll_usb.o
    0x0800ae6c   0x0800ae6c   0x00000054   Code   RO         3687    i.USB_FlushTxFifo   stm32f4xx_ll_usb.o
    0x0800aec0   0x0800aec0   0x0000000e   Code   RO         3688    i.USB_GetCurrentFrame  stm32f4xx_ll_usb.o
    0x0800aece   0x0800aece   0x00000018   Code   RO         3690    i.USB_GetHostSpeed  stm32f4xx_ll_usb.o
    0x0800aee6   0x0800aee6   0x0000000a   Code   RO         3691    i.USB_GetMode       stm32f4xx_ll_usb.o
    0x0800aef0   0x0800aef0   0x000001b6   Code   RO         3692    i.USB_HC_Halt       stm32f4xx_ll_usb.o
    0x0800b0a6   0x0800b0a6   0x00000002   PAD
    0x0800b0a8   0x0800b0a8   0x000001d4   Code   RO         3693    i.USB_HC_Init       stm32f4xx_ll_usb.o
    0x0800b27c   0x0800b27c   0x0000000e   Code   RO         3694    i.USB_HC_ReadInterrupt  stm32f4xx_ll_usb.o
    0x0800b28a   0x0800b28a   0x00000002   PAD
    0x0800b28c   0x0800b28c   0x00000388   Code   RO         3695    i.USB_HC_StartXfer  stm32f4xx_ll_usb.o
    0x0800b614   0x0800b614   0x00000100   Code   RO         3696    i.USB_HostInit      stm32f4xx_ll_usb.o
    0x0800b714   0x0800b714   0x0000004a   Code   RO         3697    i.USB_InitFSLSPClkSel  stm32f4xx_ll_usb.o
    0x0800b75e   0x0800b75e   0x0000001e   Code   RO         3698    i.USB_ReadChInterrupts  stm32f4xx_ll_usb.o
    0x0800b77c   0x0800b77c   0x0000000a   Code   RO         3703    i.USB_ReadInterrupts  stm32f4xx_ll_usb.o
    0x0800b786   0x0800b786   0x00000060   Code   RO         3704    i.USB_ReadPacket    stm32f4xx_ll_usb.o
    0x0800b7e6   0x0800b7e6   0x0000003c   Code   RO         3705    i.USB_ResetPort     stm32f4xx_ll_usb.o
    0x0800b822   0x0800b822   0x00000068   Code   RO         3706    i.USB_SetCurrentMode  stm32f4xx_ll_usb.o
    0x0800b88a   0x0800b88a   0x000000c6   Code   RO         3711    i.USB_StopHost      stm32f4xx_ll_usb.o
    0x0800b950   0x0800b950   0x00000044   Code   RO         3712    i.USB_WritePacket   stm32f4xx_ll_usb.o
    0x0800b994   0x0800b994   0x00000004   Code   RO          287    i.UsageFault_Handler  stm32f4xx_it.o
    0x0800b998   0x0800b998   0x00000040   Code   RO          626    i.V1_0_LED_Init     led.o
    0x0800b9d8   0x0800b9d8   0x00000040   Code   RO          627    i.V1_1_LED_Init     led.o
    0x0800ba18   0x0800ba18   0x000001d8   Code   RO         6159    i.Wired_PS2_Decode  bsp_ps2.o
    0x0800bbf0   0x0800bbf0   0x0000016c   Code   RO         6160    i.Wiredless_Android_PS2_Decode  bsp_ps2.o
    0x0800bd5c   0x0800bd5c   0x000001dc   Code   RO         6161    i.Wiredless_PC_PS2_Decode  bsp_ps2.o
    0x0800bf38   0x0800bf38   0x00000020   Code   RO         6618    i.__0printf         mc_w.l(printfa.o)
    0x0800bf58   0x0800bf58   0x00000030   Code   RO         6710    i.__ARM_fpclassify  m_wm.l(fpclassify.o)
    0x0800bf88   0x0800bf88   0x00000c50   Code   RO         6334    i.__hardfp_pow      m_wm.l(pow.o)
    0x0800cbd8   0x0800cbd8   0x0000007a   Code   RO         6348    i.__hardfp_sqrt     m_wm.l(sqrt.o)
    0x0800cc52   0x0800cc52   0x00000006   PAD
    0x0800cc58   0x0800cc58   0x00000080   Code   RO         6360    i.__hardfp_tan      m_wm.l(tan.o)
    0x0800ccd8   0x0800ccd8   0x00000438   Code   RO         6715    i.__ieee754_rem_pio2  m_wm.l(rred.o)
    0x0800d110   0x0800d110   0x000000f8   Code   RO         6712    i.__kernel_poly     m_wm.l(poly.o)
    0x0800d208   0x0800d208   0x00000350   Code   RO         6720    i.__kernel_tan      m_wm.l(tan_i.o)
    0x0800d558   0x0800d558   0x00000030   Code   RO         6690    i.__mathlib_dbl_divzero  m_wm.l(dunder.o)
    0x0800d588   0x0800d588   0x00000014   Code   RO         6691    i.__mathlib_dbl_infnan  m_wm.l(dunder.o)
    0x0800d59c   0x0800d59c   0x00000014   Code   RO         6692    i.__mathlib_dbl_infnan2  m_wm.l(dunder.o)
    0x0800d5b0   0x0800d5b0   0x00000020   Code   RO         6693    i.__mathlib_dbl_invalid  m_wm.l(dunder.o)
    0x0800d5d0   0x0800d5d0   0x00000020   Code   RO         6694    i.__mathlib_dbl_overflow  m_wm.l(dunder.o)
    0x0800d5f0   0x0800d5f0   0x00000020   Code   RO         6696    i.__mathlib_dbl_underflow  m_wm.l(dunder.o)
    0x0800d610   0x0800d610   0x0000000e   Code   RO         6782    i.__scatterload_copy  mc_w.l(handlers.o)
    0x0800d61e   0x0800d61e   0x00000002   Code   RO         6783    i.__scatterload_null  mc_w.l(handlers.o)
    0x0800d620   0x0800d620   0x0000000e   Code   RO         6784    i.__scatterload_zeroinit  mc_w.l(handlers.o)
    0x0800d62e   0x0800d62e   0x00000002   PAD
    0x0800d630   0x0800d630   0x0000000c   Code   RO         6754    i.__set_errno       mc_w.l(errno.o)
    0x0800d63c   0x0800d63c   0x00000184   Code   RO         6625    i._fp_digits        mc_w.l(printfa.o)
    0x0800d7c0   0x0800d7c0   0x000006b4   Code   RO         6626    i._printf_core      mc_w.l(printfa.o)
    0x0800de74   0x0800de74   0x00000024   Code   RO         6627    i._printf_post_padding  mc_w.l(printfa.o)
    0x0800de98   0x0800de98   0x0000002e   Code   RO         6628    i._printf_pre_padding  mc_w.l(printfa.o)
    0x0800dec6   0x0800dec6   0x00000002   PAD
    0x0800dec8   0x0800dec8   0x000000a0   Code   RO          407    i.adc_task          adc.o
    0x0800df68   0x0800df68   0x000000cc   Code   RO          408    i.ccd_Init          adc.o
    0x0800e034   0x0800e034   0x000000d0   Code   RO          571    i.click_N_Double    key.o
    0x0800e104   0x0800e104   0x00000190   Code   RO         1076    i.data_process      usartx.o
    0x0800e294   0x0800e294   0x00000044   Code   RO         1505    i.delay_init        delay.o
    0x0800e2d8   0x0800e2d8   0x00000040   Code   RO         1506    i.delay_ms          delay.o
    0x0800e318   0x0800e318   0x00000048   Code   RO         1507    i.delay_us          delay.o
    0x0800e360   0x0800e360   0x0000004c   Code   RO          409    i.ele_Init          adc.o
    0x0800e3ac   0x0800e3ac   0x00000018   Code   RO         6706    i.fabs              m_wm.l(fabs.o)
    0x0800e3c4   0x0800e3c4   0x0000001a   Code   RO         5108    i.float_abs         balance.o
    0x0800e3de   0x0800e3de   0x00000002   PAD
    0x0800e3e0   0x0800e3e0   0x0000001c   Code   RO         1605    i.fputc             usart.o
    0x0800e3fc   0x0800e3fc   0x00000050   Code   RO         6646    i.free              mc_w.l(malloc.o)
    0x0800e44c   0x0800e44c   0x0000001c   Code   RO         1509    i.getSysTickCnt     delay.o
    0x0800e468   0x0800e468   0x00000050   Code   RO          628    i.led_task          led.o
    0x0800e4b8   0x0800e4b8   0x00000038   Code   RO            3    i.main              main.o
    0x0800e4f0   0x0800e4f0   0x0000006c   Code   RO         6647    i.malloc            mc_w.l(malloc.o)
    0x0800e55c   0x0800e55c   0x0000000e   Code   RO         5110    i.myabs             balance.o
    0x0800e56a   0x0800e56a   0x00000016   Code   RO          745    i.oled_pow          oled.o
    0x0800e580   0x0800e580   0x00001694   Code   RO         5311    i.oled_show         show.o
    0x0800fc14   0x0800fc14   0x00000084   Code   RO         6282    i.osMessageQueueGet  usbh_os_middleware.o
    0x0800fc98   0x0800fc98   0x00000060   Code   RO         6283    i.osMessageQueuePut  usbh_os_middleware.o
    0x0800fcf8   0x0800fcf8   0x00000098   Code   RO         4406    i.prvAddCurrentTaskToDelayedList  tasks.o
    0x0800fd90   0x0800fd90   0x000000b8   Code   RO         4407    i.prvAddNewTaskToReadyList  tasks.o
    0x0800fe48   0x0800fe48   0x00000064   Code   RO         4774    i.prvCheckForValidListAndQueue  timers.o
    0x0800feac   0x0800feac   0x00000064   Code   RO         4408    i.prvCheckTasksWaitingTermination  tasks.o
    0x0800ff10   0x0800ff10   0x0000002a   Code   RO         4168    i.prvCopyDataFromQueue  queue.o
    0x0800ff3a   0x0800ff3a   0x0000007c   Code   RO         4169    i.prvCopyDataToQueue  queue.o
    0x0800ffb6   0x0800ffb6   0x00000012   Code   RO         4409    i.prvDeleteTCB      tasks.o
    0x0800ffc8   0x0800ffc8   0x00000028   Code   RO         4775    i.prvGetNextExpireTime  timers.o
    0x0800fff0   0x0800fff0   0x0000007c   Code   RO         4997    i.prvHeapInit       heap_4.o
    0x0801006c   0x0801006c   0x00000028   Code   RO         4410    i.prvIdleTask       tasks.o
    0x08010094   0x08010094   0x0000002e   Code   RO         4171    i.prvInitialiseNewQueue  queue.o
    0x080100c2   0x080100c2   0x00000002   PAD
    0x080100c4   0x080100c4   0x000000d0   Code   RO         4411    i.prvInitialiseNewTask  tasks.o
    0x08010194   0x08010194   0x00000068   Code   RO         4412    i.prvInitialiseTaskLists  tasks.o
    0x080101fc   0x080101fc   0x00000068   Code   RO         4998    i.prvInsertBlockIntoFreeList  heap_4.o
    0x08010264   0x08010264   0x00000058   Code   RO         4777    i.prvInsertTimerInActiveList  timers.o
    0x080102bc   0x080102bc   0x0000001a   Code   RO         4172    i.prvIsQueueEmpty   queue.o
    0x080102d6   0x080102d6   0x0000001e   Code   RO         4173    i.prvIsQueueFull    queue.o
    0x080102f4   0x080102f4   0x000000a0   Code   RO         4174    i.prvNotifyQueueSetContainer  queue.o
    0x08010394   0x08010394   0x00000080   Code   RO         4778    i.prvProcessExpiredTimer  timers.o
    0x08010414   0x08010414   0x0000012c   Code   RO         4779    i.prvProcessReceivedCommands  timers.o
    0x08010540   0x08010540   0x00000074   Code   RO         4780    i.prvProcessTimerOrBlockTask  timers.o
    0x080105b4   0x080105b4   0x00000034   Code   RO         4414    i.prvResetNextTaskUnblockTime  tasks.o
    0x080105e8   0x080105e8   0x0000002c   Code   RO         4781    i.prvSampleTimeNow  timers.o
    0x08010614   0x08010614   0x000000bc   Code   RO         4782    i.prvSwitchTimerLists  timers.o
    0x080106d0   0x080106d0   0x00000074   Code   RO         4913    i.prvTaskExitError  port.o
    0x08010744   0x08010744   0x0000001a   Code   RO         4783    i.prvTimerTask      timers.o
    0x0801075e   0x0801075e   0x00000092   Code   RO         4175    i.prvUnlockQueue    queue.o
    0x080107f0   0x080107f0   0x000000c4   Code   RO         6162    i.ps2_checkkey      bsp_ps2.o
    0x080108b4   0x080108b4   0x00000014   Code   RO         6163    i.ps2_checkkeystate  bsp_ps2.o
    0x080108c8   0x080108c8   0x0000001e   Code   RO         6164    i.ps2_set_bit       bsp_ps2.o
    0x080108e6   0x080108e6   0x00000002   PAD
    0x080108e8   0x080108e8   0x00000034   Code   RO          911    i.pstwo_task        pstwo.o
    0x0801091c   0x0801091c   0x00000154   Code   RO         4999    i.pvPortMalloc      heap_4.o
    0x08010a70   0x08010a70   0x00000020   Code   RO         4418    i.pvTaskIncrementMutexHeldCount  tasks.o
    0x08010a90   0x08010a90   0x0000002c   Code   RO         4914    i.pxPortInitialiseStack  port.o
    0x08010abc   0x08010abc   0x0000018c   Code   RO         5312    i.show_task         show.o
    0x08010c48   0x08010c48   0x0000006e   Code   RO         6350    i.sqrt              m_wm.l(sqrt.o)
    0x08010cb6   0x08010cb6   0x00000002   PAD
    0x08010cb8   0x08010cb8   0x000000d4   Code   RO            4    i.start_task        main.o
    0x08010d8c   0x08010d8c   0x000000f4   Code   RO         5054    i.systemInit        system.o
    0x08010e80   0x08010e80   0x0000002a   Code   RO         5112    i.target_limit_float  balance.o
    0x08010eaa   0x08010eaa   0x00000016   Code   RO         5113    i.target_limit_int  balance.o
    0x08010ec0   0x08010ec0   0x000000b0   Code   RO         1077    i.uart1_init        usartx.o
    0x08010f70   0x08010f70   0x000000b0   Code   RO         1078    i.uart2_init        usartx.o
    0x08011020   0x08011020   0x000000e0   Code   RO         1079    i.uart5_init        usartx.o
    0x08011100   0x08011100   0x00000028   Code   RO         4123    i.uxListRemove      list.o
    0x08011128   0x08011128   0x0000001a   Code   RO         4124    i.vListInitialise   list.o
    0x08011142   0x08011142   0x00000006   Code   RO         4125    i.vListInitialiseItem  list.o
    0x08011148   0x08011148   0x00000034   Code   RO         4126    i.vListInsert       list.o
    0x0801117c   0x0801117c   0x00000018   Code   RO         4127    i.vListInsertEnd    list.o
    0x08011194   0x08011194   0x00000088   Code   RO         4916    i.vPortEnterCritical  port.o
    0x0801121c   0x0801121c   0x00000070   Code   RO         4917    i.vPortExitCritical  port.o
    0x0801128c   0x0801128c   0x000000b8   Code   RO         5000    i.vPortFree         heap_4.o
    0x08011344   0x08011344   0x00000020   Code   RO         4918    i.vPortSetupTimerInterrupt  port.o
    0x08011364   0x08011364   0x000000a0   Code   RO         4919    i.vPortValidateInterruptPriority  port.o
    0x08011404   0x08011404   0x0000002c   Code   RO         4181    i.vQueueAddToRegistry  queue.o
    0x08011430   0x08011430   0x0000004a   Code   RO         4185    i.vQueueWaitForMessageRestricted  queue.o
    0x0801147a   0x0801147a   0x00000002   PAD
    0x0801147c   0x0801147c   0x00000074   Code   RO         4426    i.vTaskDelay        tasks.o
    0x080114f0   0x080114f0   0x000000dc   Code   RO         4427    i.vTaskDelayUntil   tasks.o
    0x080115cc   0x080115cc   0x0000010c   Code   RO         4428    i.vTaskDelete       tasks.o
    0x080116d8   0x080116d8   0x0000000c   Code   RO         4432    i.vTaskMissedYield  tasks.o
    0x080116e4   0x080116e4   0x00000054   Code   RO         4434    i.vTaskPlaceOnEventList  tasks.o
    0x08011738   0x08011738   0x0000005c   Code   RO         4435    i.vTaskPlaceOnEventListRestricted  tasks.o
    0x08011794   0x08011794   0x000000b0   Code   RO         4437    i.vTaskPriorityInherit  tasks.o
    0x08011844   0x08011844   0x0000004c   Code   RO         4441    i.vTaskSetTimeOutState  tasks.o
    0x08011890   0x08011890   0x000000ac   Code   RO         4442    i.vTaskStartScheduler  tasks.o
    0x0801193c   0x0801193c   0x00000010   Code   RO         4444    i.vTaskSuspendAll   tasks.o
    0x0801194c   0x0801194c   0x000000a8   Code   RO         4445    i.vTaskSwitchContext  tasks.o
    0x080119f4   0x080119f4   0x0000015c   Code   RO         4920    i.xPortStartScheduler  port.o
    0x08011b50   0x08011b50   0x00000034   Code   RO         4921    i.xPortSysTickHandler  port.o
    0x08011b84   0x08011b84   0x00000074   Code   RO         4190    i.xQueueGenericCreate  queue.o
    0x08011bf8   0x08011bf8   0x000001c8   Code   RO         4191    i.xQueueGenericReceive  queue.o
    0x08011dc0   0x08011dc0   0x000000b0   Code   RO         4192    i.xQueueGenericReset  queue.o
    0x08011e70   0x08011e70   0x000001c4   Code   RO         4193    i.xQueueGenericSend  queue.o
    0x08012034   0x08012034   0x00000110   Code   RO         4194    i.xQueueGenericSendFromISR  queue.o
    0x08012144   0x08012144   0x000000dc   Code   RO         4200    i.xQueueReceiveFromISR  queue.o
    0x08012220   0x08012220   0x000000a0   Code   RO         4446    i.xTaskCheckForTimeOut  tasks.o
    0x080122c0   0x080122c0   0x00000060   Code   RO         4447    i.xTaskCreate       tasks.o
    0x08012320   0x08012320   0x00000020   Code   RO         4451    i.xTaskGetSchedulerState  tasks.o
    0x08012340   0x08012340   0x0000000c   Code   RO         4452    i.xTaskGetTickCount  tasks.o
    0x0801234c   0x0801234c   0x00000160   Code   RO         4454    i.xTaskIncrementTick  tasks.o
    0x080124ac   0x080124ac   0x000000d8   Code   RO         4457    i.xTaskPriorityDisinherit  tasks.o
    0x08012584   0x08012584   0x000000b4   Code   RO         4458    i.xTaskRemoveFromEventList  tasks.o
    0x08012638   0x08012638   0x00000120   Code   RO         4460    i.xTaskResumeAll    tasks.o
    0x08012758   0x08012758   0x00000074   Code   RO         4787    i.xTimerCreateTimerTask  timers.o
    0x080127cc   0x080127cc   0x000000a4   Code   RO         4788    i.xTimerGenericCommand  timers.o
    0x08012870   0x08012870   0x00002664   Data   RO          748    .constdata          oled.o
    0x08014ed4   0x08014ed4   0x00000004   PAD
    0x08014ed8   0x08014ed8   0x00000088   Data   RO         6337    .constdata          m_wm.l(pow.o)
    0x08014f60   0x08014f60   0x00000008   Data   RO         6714    .constdata          m_wm.l(qnan.o)
    0x08014f68   0x08014f68   0x000000c8   Data   RO         6717    .constdata          m_wm.l(rred.o)
    0x08015030   0x08015030   0x00000060   Data   RO         6721    .constdata          m_wm.l(tan_i.o)
    0x08015090   0x08015090   0x00000059   Data   RO         1084    .conststring        usartx.o
    0x080150e9   0x080150e9   0x00000003   PAD
    0x080150ec   0x080150ec   0x00000004   Data   RO         6166    .conststring        bsp_ps2.o
    0x080150f0   0x080150f0   0x00000020   Data   RO         6780    Region$$Table       anon$$obj.o


    Execution Region RW_IRAM1 (Exec base: 0x20000000, Load base: 0x08015110, Size: 0x0000b940, Max: 0x00020000, ABSOLUTE, COMPRESSED[0x00000110])

    Exec Addr    Load Addr    Size         Type   Attr      Idx    E Section Name        Object

    0x20000000   COMPRESSED   0x00000004   Data   RW            5    .data               main.o
    0x20000004   COMPRESSED   0x00000014   Data   RW          364    .data               system_stm32f4xx.o
    0x20000018   COMPRESSED   0x00000032   Data   RW          412    .data               adc.o
    0x2000004a   COMPRESSED   0x0000001e   Data   RW          573    .data               key.o
    0x20000068   COMPRESSED   0x00000008   Data   RW          629    .data               led.o
    0x20000070   COMPRESSED   0x00000030   Data   RW          913    .data               pstwo.o
    0x200000a0   COMPRESSED   0x00000086   Data   RW         1085    .data               usartx.o
    0x20000126   COMPRESSED   0x00000002   PAD
    0x20000128   COMPRESSED   0x00000008   Data   RW         1510    .data               delay.o
    0x20000130   COMPRESSED   0x00000006   Data   RW         1608    .data               usart.o
    0x20000136   COMPRESSED   0x00000010   Data   RW         1860    .data               stm32f4xx_rcc.o
    0x20000146   COMPRESSED   0x00000002   PAD
    0x20000148   COMPRESSED   0x0000003c   Data   RW         4463    .data               tasks.o
    0x20000184   COMPRESSED   0x00000014   Data   RW         4796    .data               timers.o
    0x20000198   COMPRESSED   0x0000000c   Data   RW         4922    .data               port.o
    0x200001a4   COMPRESSED   0x00000018   Data   RW         5005    .data               heap_4.o
    0x200001bc   COMPRESSED   0x00000094   Data   RW         5056    .data               system.o
    0x20000250   COMPRESSED   0x000000c8   Data   RW         5115    .data               balance.o
    0x20000318   COMPRESSED   0x00000018   Data   RW         5313    .data               show.o
    0x20000330   COMPRESSED   0x00000002   Data   RW         5641    .data               usbh_core.o
    0x20000332   COMPRESSED   0x00000002   PAD
    0x20000334   COMPRESSED   0x0000005c   Data   RW         6167    .data               bsp_ps2.o
    0x20000390   COMPRESSED   0x00000001   Data   RW         6247    .data               usb_host.o
    0x20000391   COMPRESSED   0x00000003   PAD
    0x20000394   COMPRESSED   0x00000004   Data   RW         6750    .data               mc_w.l(mvars.o)
    0x20000398   COMPRESSED   0x00000004   Data   RW         6751    .data               mc_w.l(mvars.o)
    0x2000039c   COMPRESSED   0x00000004   Data   RW         6755    .data               mc_w.l(errno.o)
    0x200003a0        -       0x00000100   Zero   RW          410    .bss                adc.o
    0x200004a0        -       0x0000040c   Zero   RW          747    .bss                oled.o
    0x200008ac        -       0x00000009   Zero   RW          912    .bss                pstwo.o
    0x200008b5   COMPRESSED   0x00000003   PAD
    0x200008b8        -       0x00004b9e   Zero   RW         1083    .bss                usartx.o
    0x20005456   COMPRESSED   0x00000002   PAD
    0x20005458        -       0x00000040   Zero   RW         4205    .bss                queue.o
    0x20005498        -       0x000002e4   Zero   RW         4462    .bss                tasks.o
    0x2000577c        -       0x00000028   Zero   RW         4795    .bss                timers.o
    0x200057a4        -       0x00005000   Zero   RW         5004    .bss                heap_4.o
    0x2000a7a4        -       0x00000068   Zero   RW         5055    .bss                system.o
    0x2000a80c        -       0x00000010   Zero   RW         5114    .bss                balance.o
    0x2000a81c        -       0x00000018   Zero   RW         5283    .bss                robot_select_init.o
    0x2000a834        -       0x000003e0   Zero   RW         6014    .bss                usbh_conf.o
    0x2000ac14        -       0x00000140   Zero   RW         6165    .bss                bsp_ps2.o
    0x2000ad54        -       0x000005e8   Zero   RW         6246    .bss                usb_host.o
    0x2000b33c   COMPRESSED   0x00000004   PAD
    0x2000b340        -       0x00000200   Zero   RW         1657    HEAP                startup_stm32f40_41xxx.o
    0x2000b540        -       0x00000400   Zero   RW         1656    STACK               startup_stm32f40_41xxx.o


==============================================================================

Image component sizes


      Code (inc. data)   RO Data    RW Data    ZI Data      Debug   Object Name

      1730        170          0         50        256      10809   adc.o
     11998       1232          0        200         16      27805   balance.o
      3122        102          4         92        320      14626   bsp_ps2.o
       248         24          0          8          0       4105   delay.o
      1016         70          0          0          0       7623   encoder.o
         0          0          0          0          0       9876   event_groups.o
       752        176          0         24      20480       4987   heap_4.o
       776        100          0          0          0       6670   i2c.o
        12          0          0          0          0        715   icm20948.o
       256         30          0         30          0       4813   key.o
       308         44          0          8          0       4532   led.o
       148          0          0          0          0       4226   list.o
       268        110          0          4          0     317996   main.o
       180         24          0          0          0       2737   misc.o
       808         46          0          0          0       4519   motor.o
        12          0          0          0          0        710   mpu6050.o
      1378         60       9828          0       1036      14433   oled.o
      1182        396          0         12          0      12865   port.o
      1880        272          0         48          9      93978   pstwo.o
      2384        276          0          0         64      17472   queue.o
       524        126          0          0         24       2321   robot_select_init.o
      7084        876          0         24          0       5300   show.o
        36          8        392          0       1536        972   startup_stm32f40_41xxx.o
       374         24          0          0          0       6882   stm32f4xx_adc.o
       222          0          0          0          0       3707   stm32f4xx_gpio.o
      6620          0          0          0          0      17307   stm32f4xx_hal_hcd.o
        20          0          0          0          0       3725   stm32f4xx_it.o
      3326         44          0          0          0      22830   stm32f4xx_ll_usb.o
        12          6          0          0          0        698   stm32f4xx_pwr.o
       468         58          0         16          0       8594   stm32f4xx_rcc.o
      1484         66          0          0          0      22531   stm32f4xx_tim.o
       404          8          0          0          0       5262   stm32f4xx_usart.o
        20          0          0          0          0       3606   sys.o
       244         12          0        148        104       7356   system.o
       340         32          0         20          0       2425   system_stm32f4xx.o
      3626        928          0         60        740      35981   tasks.o
       172          8          0          0          0        962   timer.o
      1310        312          0         20         40      11019   timers.o
        28          4          0          6          0       3614   usart.o
      3480        412         89        134      19358      38945   usartx.o
       132         22          0          1       1512       2667   usb_host.o
       768         10          0          0        992      18917   usbh_conf.o
      2558         46          0          2          0      16707   usbh_core.o
      2294         12          0          0          0      16966   usbh_ctlreq.o
       372          0          0          0          0      11462   usbh_hid.o
         0          0          0          0          0       4028   usbh_hid_keybd.o
       174          0          0          0          0       4517   usbh_ioreq.o
       250         16          0          0          0       5906   usbh_os_middleware.o
       172          0          0          0          0       5062   usbh_pipes.o

    ----------------------------------------------------------------------
     65032       6162      10352        916      46496     855766   Object Totals
         0          0         32          0          0          0   (incl. Generated)
        60          0          7          9          9          0   (incl. Padding)

    ----------------------------------------------------------------------

      Code (inc. data)   RO Data    RW Data    ZI Data      Debug   Library Member Name

       184         44          0          0          0        744   dunder.o
        24          0          0          0          0        124   fabs.o
        48          0          0          0          0        124   fpclassify.o
       248          0          0          0          0        152   poly.o
      3152        296        136          0          0        352   pow.o
         0          0          8          0          0          0   qnan.o
      1080        142        200          0          0        188   rred.o
       232          0          0          0          0        296   sqrt.o
       128         20          0          0          0        144   tan.o
       848         84         96          0          0        196   tan_i.o
        86          0          0          0          0          0   __dczerorl2.o
         0          0          0          0          0          0   entry.o
         0          0          0          0          0          0   entry10a.o
         0          0          0          0          0          0   entry11a.o
         4          0          0          0          0          0   entry12b.o
         8          4          0          0          0          0   entry2.o
         4          0          0          0          0          0   entry5.o
         0          0          0          0          0          0   entry7b.o
         0          0          0          0          0          0   entry8b.o
         8          4          0          0          0          0   entry9a.o
        12          6          0          4          0         68   errno.o
        30          0          0          0          0          0   handlers.o
        36          8          0          0          0         68   init.o
         0          0          0          0          0          0   iusefp.o
        30          0          0          0          0         68   llshl.o
        36          0          0          0          0         68   llsshr.o
        32          0          0          0          0         68   llushr.o
       188         20          0          0          0        160   malloc.o
        36          0          0          0          0         68   memcpya.o
        36          0          0          0          0        108   memseta.o
         0          0          0          8          0          0   mvars.o
      2218         90          0          0          0        464   printfa.o
        44          0          0          0          0         80   uidiv.o
        98          0          0          0          0         92   uldiv.o
        48          0          0          0          0         68   cdrcmple.o
        56          0          0          0          0         88   d2f.o
       334          0          0          0          0        148   dadd.o
       222          0          0          0          0        100   ddiv.o
       186          0          0          0          0        176   depilogue.o
        62          0          0          0          0         80   dfixi.o
        48          0          0          0          0         68   dfixul.o
        34          0          0          0          0         76   dflti.o
        26          0          0          0          0         76   dfltui.o
       228          0          0          0          0         96   dmul.o
        46          0          0          0          0         80   dscalb.o
       162          0          0          0          0        100   dsqrt.o
        38          0          0          0          0         68   f2d.o
       110          0          0          0          0        168   fepilogue.o

    ----------------------------------------------------------------------
     10464        718        440         12          0       5024   Library Totals
        14          0          0          0          0          0   (incl. Padding)

    ----------------------------------------------------------------------

      Code (inc. data)   RO Data    RW Data    ZI Data      Debug   Library Name

      5944        586        440          0          0       2320   m_wm.l
      2906        132          0         12          0       1312   mc_w.l
      1600          0          0          0          0       1392   mf_w.l

    ----------------------------------------------------------------------
     10464        718        440         12          0       5024   Library Totals

    ----------------------------------------------------------------------

==============================================================================


      Code (inc. data)   RO Data    RW Data    ZI Data      Debug   

     75496       6880      10792        928      46496     820470   Grand Totals
     75496       6880      10792        272      46496     820470   ELF Image Totals (compressed)
     75496       6880      10792        272          0          0   ROM Totals

==============================================================================

    Total RO  Size (Code + RO Data)                86288 (  84.27kB)
    Total RW  Size (RW Data + ZI Data)             47424 (  46.31kB)
    Total ROM Size (Code + RO Data + RW Data)      86560 (  84.53kB)

==============================================================================

